1/728 c3-t-008 trial=1 mode=4 nodes=756 wall_ms=0.64 calls=21 promotions=0
2/728 c3-d-006 trial=2 mode=4 nodes=1554 wall_ms=1.27 calls=34 promotions=3
3/728 c3-d-003 trial=6 mode=6 nodes=1640 wall_ms=1.38 calls=23 promotions=2
4/728 c3-v-008 trial=4 mode=off nodes=4210 wall_ms=3.74 calls=0 promotions=0
5/728 c3-t-001 trial=2 mode=0 nodes=3991 wall_ms=4.92 calls=645 promotions=40
6/728 c3-d-002 trial=4 mode=off nodes=3582 wall_ms=2.92 calls=0 promotions=0
7/728 c3-t-005 trial=4 mode=6 nodes=2954 wall_ms=2.53 calls=26 promotions=0
8/728 c3-d-010 trial=5 mode=0 nodes=1082 wall_ms=1.09 calls=186 promotions=18
9/728 c3-t-004 trial=0 mode=6 nodes=1712 wall_ms=1.83 calls=9 promotions=0
10/728 c3-t-003 trial=4 mode=off nodes=7473 wall_ms=5.27 calls=0 promotions=0
11/728 c3-d-003 trial=2 mode=0 nodes=1480 wall_ms=1.30 calls=229 promotions=12
12/728 c3-v-003 trial=2 mode=4 nodes=847 wall_ms=1.76 calls=47 promotions=5
13/728 c3-d-002 trial=1 mode=4 nodes=4319 wall_ms=4.39 calls=310 promotions=15
14/728 c3-v-003 trial=3 mode=0 nodes=778 wall_ms=1.27 calls=92 promotions=7
15/728 c3-v-002 trial=6 mode=0 nodes=720 wall_ms=0.82 calls=16 promotions=0
16/728 c3-v-002 trial=4 mode=0 nodes=720 wall_ms=0.79 calls=16 promotions=0
17/728 c3-d-001 trial=3 mode=off nodes=2712 wall_ms=2.26 calls=0 promotions=0
18/728 c3-t-004 trial=3 mode=6 nodes=1712 wall_ms=1.93 calls=9 promotions=0
19/728 c3-d-008 trial=0 mode=6 nodes=4336 wall_ms=4.05 calls=159 promotions=7
20/728 c3-v-002 trial=4 mode=6 nodes=720 wall_ms=0.75 calls=1 promotions=0
21/728 c3-d-001 trial=1 mode=4 nodes=4171 wall_ms=3.97 calls=421 promotions=10
22/728 c3-v-008 trial=0 mode=off nodes=4210 wall_ms=3.83 calls=0 promotions=0
23/728 c3-v-001 trial=6 mode=0 nodes=627 wall_ms=0.81 calls=17 promotions=1
24/728 c3-v-007 trial=2 mode=off nodes=2140 wall_ms=1.38 calls=0 promotions=0
25/728 c3-t-001 trial=3 mode=0 nodes=3991 wall_ms=4.88 calls=645 promotions=40
26/728 c3-t-001 trial=2 mode=off nodes=2859 wall_ms=2.19 calls=0 promotions=0
27/728 c3-d-008 trial=6 mode=4 nodes=5741 wall_ms=6.93 calls=742 promotions=49
28/728 c3-v-006 trial=3 mode=off nodes=7191 wall_ms=5.59 calls=0 promotions=0
29/728 c3-d-002 trial=0 mode=4 nodes=4319 wall_ms=4.69 calls=310 promotions=15
30/728 c3-d-002 trial=1 mode=off nodes=3582 wall_ms=3.19 calls=0 promotions=0
31/728 c3-t-008 trial=6 mode=0 nodes=756 wall_ms=0.66 calls=64 promotions=1
32/728 c3-v-004 trial=0 mode=off nodes=4043 wall_ms=3.25 calls=0 promotions=0
33/728 c3-d-001 trial=2 mode=off nodes=2712 wall_ms=2.34 calls=0 promotions=0
34/728 c3-d-002 trial=5 mode=4 nodes=4319 wall_ms=4.22 calls=310 promotions=15
35/728 c3-d-005 trial=1 mode=6 nodes=3680 wall_ms=3.63 calls=120 promotions=13
36/728 c3-t-001 trial=0 mode=off nodes=2859 wall_ms=2.43 calls=0 promotions=0
37/728 c3-v-005 trial=4 mode=6 nodes=2518 wall_ms=2.28 calls=83 promotions=2
38/728 c3-v-006 trial=2 mode=6 nodes=8163 wall_ms=7.34 calls=294 promotions=8
39/728 c3-d-001 trial=0 mode=4 nodes=4171 wall_ms=3.89 calls=421 promotions=10
40/728 c3-v-008 trial=5 mode=4 nodes=2595 wall_ms=2.78 calls=233 promotions=17
41/728 c3-d-007 trial=0 mode=4 nodes=8961 wall_ms=9.80 calls=946 promotions=72
42/728 c3-v-002 trial=5 mode=0 nodes=720 wall_ms=0.92 calls=16 promotions=0
43/728 c3-d-009 trial=6 mode=0 nodes=1235 wall_ms=1.52 calls=194 promotions=4
44/728 c3-v-008 trial=6 mode=6 nodes=3645 wall_ms=3.39 calls=142 promotions=5
45/728 c3-v-006 trial=5 mode=4 nodes=8990 wall_ms=8.72 calls=920 promotions=19
46/728 c3-v-006 trial=4 mode=4 nodes=8990 wall_ms=8.72 calls=920 promotions=19
47/728 c3-d-008 trial=0 mode=0 nodes=5222 wall_ms=7.46 calls=1500 promotions=143
48/728 c3-t-007 trial=5 mode=4 nodes=997 wall_ms=1.43 calls=153 promotions=4
49/728 c3-d-004 trial=0 mode=off nodes=956 wall_ms=1.24 calls=0 promotions=0
50/728 c3-t-002 trial=6 mode=6 nodes=4311 wall_ms=4.56 calls=210 promotions=12
51/728 c3-t-005 trial=5 mode=0 nodes=2746 wall_ms=3.78 calls=574 promotions=58
52/728 c3-t-002 trial=5 mode=6 nodes=4311 wall_ms=5.04 calls=210 promotions=12
53/728 c3-v-001 trial=0 mode=off nodes=628 wall_ms=0.90 calls=0 promotions=0
54/728 c3-t-004 trial=5 mode=4 nodes=1712 wall_ms=2.09 calls=96 promotions=0
55/728 c3-t-002 trial=1 mode=0 nodes=3284 wall_ms=4.63 calls=778 promotions=26
56/728 c3-d-003 trial=2 mode=4 nodes=1690 wall_ms=1.29 calls=96 promotions=4
57/728 c3-d-007 trial=4 mode=off nodes=4433 wall_ms=3.47 calls=0 promotions=0
58/728 c3-t-004 trial=2 mode=4 nodes=1712 wall_ms=1.99 calls=96 promotions=0
59/728 c3-t-003 trial=2 mode=0 nodes=6343 wall_ms=6.78 calls=1016 promotions=129
60/728 c3-t-001 trial=5 mode=4 nodes=3623 wall_ms=3.41 calls=247 promotions=3
61/728 c3-t-006 trial=2 mode=off nodes=1513 wall_ms=1.16 calls=0 promotions=0
62/728 c3-v-008 trial=4 mode=0 nodes=2144 wall_ms=2.84 calls=507 promotions=56
63/728 c3-d-005 trial=5 mode=0 nodes=1729 wall_ms=1.89 calls=130 promotions=13
64/728 c3-d-009 trial=4 mode=off nodes=1227 wall_ms=1.13 calls=0 promotions=0
65/728 c3-d-008 trial=6 mode=6 nodes=4336 wall_ms=4.31 calls=159 promotions=7
66/728 c3-d-003 trial=2 mode=6 nodes=1640 wall_ms=1.22 calls=23 promotions=2
67/728 c3-d-004 trial=2 mode=off nodes=956 wall_ms=1.26 calls=0 promotions=0
68/728 c3-v-003 trial=3 mode=6 nodes=679 wall_ms=1.17 calls=4 promotions=0
69/728 c3-d-002 trial=2 mode=6 nodes=3891 wall_ms=3.59 calls=162 promotions=5
70/728 c3-d-009 trial=6 mode=4 nodes=1235 wall_ms=1.50 calls=175 promotions=4
71/728 c3-d-006 trial=1 mode=0 nodes=1553 wall_ms=1.55 calls=102 promotions=7
72/728 c3-v-008 trial=6 mode=off nodes=4210 wall_ms=3.88 calls=0 promotions=0
73/728 c3-d-001 trial=1 mode=6 nodes=2769 wall_ms=2.38 calls=28 promotions=1
74/728 c3-d-006 trial=4 mode=0 nodes=1553 wall_ms=1.37 calls=102 promotions=7
75/728 c3-t-008 trial=6 mode=4 nodes=756 wall_ms=0.89 calls=21 promotions=0
76/728 c3-d-009 trial=1 mode=off nodes=1227 wall_ms=1.51 calls=0 promotions=0
77/728 c3-v-003 trial=1 mode=6 nodes=679 wall_ms=1.07 calls=4 promotions=0
78/728 c3-v-005 trial=1 mode=6 nodes=2518 wall_ms=2.30 calls=83 promotions=2
79/728 c3-v-004 trial=2 mode=4 nodes=5263 wall_ms=4.99 calls=414 promotions=11
80/728 c3-d-008 trial=0 mode=4 nodes=5741 wall_ms=6.53 calls=742 promotions=49
81/728 c3-t-008 trial=5 mode=6 nodes=756 wall_ms=0.56 calls=1 promotions=0
82/728 c3-d-009 trial=5 mode=6 nodes=1223 wall_ms=1.45 calls=113 promotions=4
83/728 c3-v-008 trial=1 mode=4 nodes=2595 wall_ms=3.03 calls=233 promotions=17
84/728 c3-t-001 trial=4 mode=6 nodes=2859 wall_ms=2.56 calls=64 promotions=0
85/728 c3-v-004 trial=4 mode=6 nodes=4043 wall_ms=3.36 calls=64 promotions=0
86/728 c3-d-006 trial=5 mode=4 nodes=1554 wall_ms=1.32 calls=34 promotions=3
87/728 c3-v-002 trial=3 mode=4 nodes=720 wall_ms=0.83 calls=7 promotions=0
88/728 c3-d-001 trial=2 mode=6 nodes=2769 wall_ms=2.57 calls=28 promotions=1
89/728 c3-v-004 trial=1 mode=6 nodes=4043 wall_ms=3.34 calls=64 promotions=0
90/728 c3-d-005 trial=5 mode=6 nodes=3680 wall_ms=3.68 calls=120 promotions=13
91/728 c3-t-006 trial=0 mode=4 nodes=1770 wall_ms=1.48 calls=165 promotions=10
92/728 c3-d-002 trial=4 mode=0 nodes=4314 wall_ms=5.04 calls=587 promotions=33
93/728 c3-t-005 trial=1 mode=6 nodes=2954 wall_ms=2.68 calls=26 promotions=0
94/728 c3-d-010 trial=1 mode=6 nodes=1208 wall_ms=0.93 calls=1 promotions=0
95/728 c3-v-002 trial=0 mode=0 nodes=720 wall_ms=0.82 calls=16 promotions=0
96/728 c3-t-006 trial=4 mode=off nodes=1513 wall_ms=1.24 calls=0 promotions=0
97/728 c3-t-004 trial=6 mode=6 nodes=1712 wall_ms=1.90 calls=9 promotions=0
98/728 c3-v-002 trial=1 mode=6 nodes=720 wall_ms=0.79 calls=1 promotions=0
99/728 c3-d-007 trial=1 mode=6 nodes=7237 wall_ms=6.61 calls=233 promotions=8
100/728 c3-t-002 trial=3 mode=6 nodes=4311 wall_ms=4.65 calls=210 promotions=12
101/728 c3-t-006 trial=6 mode=6 nodes=1761 wall_ms=1.34 calls=36 promotions=2
102/728 c3-v-005 trial=3 mode=6 nodes=2518 wall_ms=2.06 calls=83 promotions=2
103/728 c3-d-002 trial=0 mode=6 nodes=3891 wall_ms=3.75 calls=162 promotions=5
104/728 c3-t-007 trial=5 mode=0 nodes=1313 wall_ms=2.00 calls=272 promotions=15
105/728 c3-v-006 trial=0 mode=off nodes=7191 wall_ms=5.62 calls=0 promotions=0
106/728 c3-t-005 trial=2 mode=0 nodes=2746 wall_ms=3.98 calls=574 promotions=58
107/728 c3-d-004 trial=3 mode=6 nodes=956 wall_ms=1.18 calls=15 promotions=0
108/728 c3-d-006 trial=4 mode=6 nodes=1780 wall_ms=1.47 calls=21 promotions=3
109/728 c3-t-006 trial=1 mode=4 nodes=1770 wall_ms=1.65 calls=165 promotions=10
110/728 c3-d-005 trial=4 mode=6 nodes=3680 wall_ms=3.65 calls=120 promotions=13
111/728 c3-v-002 trial=1 mode=0 nodes=720 wall_ms=0.87 calls=16 promotions=0
112/728 c3-t-006 trial=5 mode=0 nodes=3062 wall_ms=2.86 calls=558 promotions=37
113/728 c3-v-001 trial=1 mode=6 nodes=628 wall_ms=0.89 calls=1 promotions=0
114/728 c3-v-008 trial=2 mode=4 nodes=2595 wall_ms=2.73 calls=233 promotions=17
115/728 c3-v-003 trial=2 mode=6 nodes=679 wall_ms=1.12 calls=4 promotions=0
116/728 c3-v-007 trial=1 mode=off nodes=2140 wall_ms=1.50 calls=0 promotions=0
117/728 c3-t-002 trial=0 mode=off nodes=3498 wall_ms=3.44 calls=0 promotions=0
118/728 c3-d-008 trial=4 mode=6 nodes=4336 wall_ms=4.13 calls=159 promotions=7
119/728 c3-v-007 trial=4 mode=0 nodes=1991 wall_ms=1.93 calls=463 promotions=6
120/728 c3-t-001 trial=4 mode=off nodes=2859 wall_ms=2.42 calls=0 promotions=0
121/728 c3-v-007 trial=6 mode=6 nodes=2140 wall_ms=1.18 calls=3 promotions=0
122/728 c3-t-003 trial=4 mode=6 nodes=9204 wall_ms=8.09 calls=644 promotions=64
123/728 c3-v-005 trial=4 mode=0 nodes=2703 wall_ms=3.07 calls=388 promotions=29
124/728 c3-v-008 trial=2 mode=6 nodes=3645 wall_ms=3.64 calls=142 promotions=5
125/728 c3-d-005 trial=5 mode=4 nodes=1510 wall_ms=1.67 calls=40 promotions=3
126/728 c3-d-008 trial=2 mode=4 nodes=5741 wall_ms=6.59 calls=742 promotions=49
127/728 c3-t-002 trial=4 mode=off nodes=3498 wall_ms=3.52 calls=0 promotions=0
128/728 c3-v-001 trial=2 mode=0 nodes=627 wall_ms=0.84 calls=17 promotions=1
129/728 c3-t-005 trial=0 mode=0 nodes=2746 wall_ms=3.66 calls=574 promotions=58
130/728 c3-v-007 trial=1 mode=6 nodes=2140 wall_ms=1.25 calls=3 promotions=0
131/728 c3-d-008 trial=6 mode=off nodes=5550 wall_ms=4.73 calls=0 promotions=0
132/728 c3-t-003 trial=3 mode=6 nodes=9204 wall_ms=7.94 calls=644 promotions=64
133/728 c3-v-001 trial=3 mode=off nodes=628 wall_ms=0.72 calls=0 promotions=0
134/728 c3-v-006 trial=6 mode=4 nodes=8990 wall_ms=9.15 calls=920 promotions=19
135/728 c3-v-004 trial=0 mode=4 nodes=5263 wall_ms=4.93 calls=414 promotions=11
136/728 c3-v-008 trial=3 mode=off nodes=4210 wall_ms=3.67 calls=0 promotions=0
137/728 c3-v-001 trial=0 mode=0 nodes=627 wall_ms=0.80 calls=17 promotions=1
138/728 c3-d-010 trial=3 mode=4 nodes=940 wall_ms=0.86 calls=29 promotions=3
139/728 c3-d-007 trial=2 mode=4 nodes=8961 wall_ms=9.55 calls=946 promotions=72
140/728 c3-d-007 trial=3 mode=6 nodes=7237 wall_ms=6.53 calls=233 promotions=8
141/728 c3-d-001 trial=2 mode=4 nodes=4171 wall_ms=4.29 calls=421 promotions=10
142/728 c3-t-005 trial=6 mode=off nodes=2954 wall_ms=2.60 calls=0 promotions=0
143/728 c3-d-004 trial=4 mode=off nodes=956 wall_ms=1.21 calls=0 promotions=0
144/728 c3-d-002 trial=6 mode=6 nodes=3891 wall_ms=3.82 calls=162 promotions=5
145/728 c3-d-004 trial=3 mode=4 nodes=956 wall_ms=1.35 calls=66 promotions=0
146/728 c3-v-005 trial=2 mode=6 nodes=2518 wall_ms=2.24 calls=83 promotions=2
147/728 c3-d-002 trial=5 mode=off nodes=3582 wall_ms=2.91 calls=0 promotions=0
148/728 c3-t-007 trial=3 mode=0 nodes=1313 wall_ms=2.12 calls=272 promotions=15
149/728 c3-v-007 trial=5 mode=off nodes=2140 wall_ms=1.28 calls=0 promotions=0
150/728 c3-v-003 trial=2 mode=0 nodes=778 wall_ms=1.59 calls=92 promotions=7
151/728 c3-v-006 trial=1 mode=4 nodes=8990 wall_ms=8.84 calls=920 promotions=19
152/728 c3-d-003 trial=5 mode=4 nodes=1690 wall_ms=1.27 calls=96 promotions=4
153/728 c3-t-002 trial=4 mode=4 nodes=4073 wall_ms=4.64 calls=382 promotions=16
154/728 c3-d-008 trial=4 mode=0 nodes=5222 wall_ms=7.22 calls=1500 promotions=143
155/728 c3-v-002 trial=1 mode=off nodes=720 wall_ms=1.01 calls=0 promotions=0
156/728 c3-t-004 trial=4 mode=4 nodes=1712 wall_ms=2.02 calls=96 promotions=0
157/728 c3-t-008 trial=4 mode=0 nodes=756 wall_ms=0.67 calls=64 promotions=1
158/728 c3-v-004 trial=4 mode=4 nodes=5263 wall_ms=5.06 calls=414 promotions=11
159/728 c3-d-001 trial=5 mode=6 nodes=2769 wall_ms=2.72 calls=28 promotions=1
160/728 c3-t-005 trial=4 mode=off nodes=2954 wall_ms=2.40 calls=0 promotions=0
161/728 c3-v-004 trial=3 mode=4 nodes=5263 wall_ms=5.04 calls=414 promotions=11
162/728 c3-d-001 trial=6 mode=0 nodes=5351 wall_ms=6.56 calls=1399 promotions=77
163/728 c3-t-008 trial=5 mode=off nodes=756 wall_ms=0.65 calls=0 promotions=0
164/728 c3-v-005 trial=1 mode=off nodes=3121 wall_ms=2.34 calls=0 promotions=0
165/728 c3-t-003 trial=5 mode=4 nodes=6296 wall_ms=5.78 calls=584 promotions=68
166/728 c3-t-005 trial=2 mode=6 nodes=2954 wall_ms=2.66 calls=26 promotions=0
167/728 c3-v-007 trial=5 mode=4 nodes=1588 wall_ms=1.10 calls=64 promotions=1
168/728 c3-t-004 trial=3 mode=off nodes=1712 wall_ms=1.77 calls=0 promotions=0
169/728 c3-v-003 trial=5 mode=off nodes=679 wall_ms=1.04 calls=0 promotions=0
170/728 c3-v-001 trial=3 mode=0 nodes=627 wall_ms=0.80 calls=17 promotions=1
171/728 c3-d-003 trial=3 mode=0 nodes=1480 wall_ms=1.26 calls=229 promotions=12
172/728 c3-t-001 trial=4 mode=0 nodes=3991 wall_ms=4.97 calls=645 promotions=40
173/728 c3-d-007 trial=4 mode=4 nodes=8961 wall_ms=9.87 calls=946 promotions=72
174/728 c3-v-006 trial=0 mode=4 nodes=8990 wall_ms=8.76 calls=920 promotions=19
175/728 c3-t-006 trial=6 mode=4 nodes=1770 wall_ms=1.59 calls=165 promotions=10
176/728 c3-d-003 trial=3 mode=4 nodes=1690 wall_ms=1.35 calls=96 promotions=4
177/728 c3-d-004 trial=6 mode=4 nodes=956 wall_ms=1.30 calls=66 promotions=0
178/728 c3-t-007 trial=4 mode=off nodes=1428 wall_ms=1.43 calls=0 promotions=0
179/728 c3-d-010 trial=2 mode=4 nodes=940 wall_ms=0.81 calls=29 promotions=3
180/728 c3-d-003 trial=1 mode=0 nodes=1480 wall_ms=1.47 calls=229 promotions=12
181/728 c3-d-004 trial=5 mode=6 nodes=956 wall_ms=1.16 calls=15 promotions=0
182/728 c3-d-004 trial=4 mode=4 nodes=956 wall_ms=1.36 calls=66 promotions=0
183/728 c3-d-006 trial=2 mode=off nodes=1780 wall_ms=1.56 calls=0 promotions=0
184/728 c3-d-009 trial=1 mode=6 nodes=1223 wall_ms=1.41 calls=113 promotions=4
185/728 c3-v-005 trial=6 mode=off nodes=3121 wall_ms=2.33 calls=0 promotions=0
186/728 c3-t-001 trial=0 mode=4 nodes=3623 wall_ms=3.48 calls=247 promotions=3
187/728 c3-d-007 trial=3 mode=4 nodes=8961 wall_ms=9.78 calls=946 promotions=72
188/728 c3-v-004 trial=6 mode=4 nodes=5263 wall_ms=5.20 calls=414 promotions=11
189/728 c3-v-001 trial=4 mode=off nodes=628 wall_ms=0.78 calls=0 promotions=0
190/728 c3-t-004 trial=5 mode=off nodes=1712 wall_ms=1.79 calls=0 promotions=0
191/728 c3-t-008 trial=4 mode=6 nodes=756 wall_ms=0.65 calls=1 promotions=0
192/728 c3-t-001 trial=2 mode=4 nodes=3623 wall_ms=3.51 calls=247 promotions=3
193/728 c3-v-004 trial=2 mode=0 nodes=3121 wall_ms=3.96 calls=693 promotions=17
194/728 c3-d-010 trial=2 mode=6 nodes=1208 wall_ms=0.95 calls=1 promotions=0
195/728 c3-v-001 trial=5 mode=0 nodes=627 wall_ms=0.77 calls=17 promotions=1
196/728 c3-t-008 trial=6 mode=off nodes=756 wall_ms=0.65 calls=0 promotions=0
197/728 c3-v-006 trial=5 mode=off nodes=7191 wall_ms=5.54 calls=0 promotions=0
198/728 c3-d-001 trial=5 mode=4 nodes=4171 wall_ms=3.87 calls=421 promotions=10
199/728 c3-v-001 trial=4 mode=6 nodes=628 wall_ms=0.79 calls=1 promotions=0
200/728 c3-v-006 trial=4 mode=0 nodes=9720 wall_ms=13.11 calls=2570 promotions=82
201/728 c3-t-008 trial=6 mode=6 nodes=756 wall_ms=0.59 calls=1 promotions=0
202/728 c3-t-001 trial=0 mode=6 nodes=2859 wall_ms=2.57 calls=64 promotions=0
203/728 c3-d-010 trial=6 mode=4 nodes=940 wall_ms=0.78 calls=29 promotions=3
204/728 c3-d-008 trial=3 mode=6 nodes=4336 wall_ms=4.07 calls=159 promotions=7
205/728 c3-d-008 trial=3 mode=4 nodes=5741 wall_ms=6.68 calls=742 promotions=49
206/728 c3-v-005 trial=3 mode=off nodes=3121 wall_ms=2.41 calls=0 promotions=0
207/728 c3-v-004 trial=3 mode=off nodes=4043 wall_ms=3.14 calls=0 promotions=0
208/728 c3-t-003 trial=1 mode=off nodes=7473 wall_ms=5.33 calls=0 promotions=0
209/728 c3-d-003 trial=1 mode=4 nodes=1690 wall_ms=1.55 calls=96 promotions=4
210/728 c3-d-003 trial=4 mode=off nodes=1461 wall_ms=1.03 calls=0 promotions=0
211/728 c3-t-007 trial=6 mode=0 nodes=1313 wall_ms=2.07 calls=272 promotions=15
212/728 c3-v-008 trial=1 mode=off nodes=4210 wall_ms=3.59 calls=0 promotions=0
213/728 c3-d-009 trial=0 mode=0 nodes=1235 wall_ms=1.54 calls=194 promotions=4
214/728 c3-v-007 trial=6 mode=0 nodes=1991 wall_ms=1.80 calls=463 promotions=6
215/728 c3-t-004 trial=3 mode=0 nodes=1935 wall_ms=2.95 calls=386 promotions=16
216/728 c3-t-007 trial=2 mode=off nodes=1428 wall_ms=1.48 calls=0 promotions=0
217/728 c3-d-010 trial=5 mode=4 nodes=940 wall_ms=1.01 calls=29 promotions=3
218/728 c3-v-005 trial=5 mode=off nodes=3121 wall_ms=2.30 calls=0 promotions=0
219/728 c3-t-006 trial=3 mode=0 nodes=3062 wall_ms=2.84 calls=558 promotions=37
220/728 c3-t-008 trial=3 mode=4 nodes=756 wall_ms=0.60 calls=21 promotions=0
221/728 c3-t-004 trial=1 mode=6 nodes=1712 wall_ms=1.77 calls=9 promotions=0
222/728 c3-d-001 trial=6 mode=4 nodes=4171 wall_ms=4.06 calls=421 promotions=10
223/728 c3-d-002 trial=3 mode=off nodes=3582 wall_ms=3.24 calls=0 promotions=0
224/728 c3-v-003 trial=0 mode=0 nodes=778 wall_ms=1.29 calls=92 promotions=7
225/728 c3-v-005 trial=0 mode=6 nodes=2518 wall_ms=2.02 calls=83 promotions=2
226/728 c3-d-007 trial=6 mode=4 nodes=8961 wall_ms=9.67 calls=946 promotions=72
227/728 c3-d-006 trial=6 mode=6 nodes=1780 wall_ms=1.71 calls=21 promotions=3
228/728 c3-v-002 trial=2 mode=off nodes=720 wall_ms=0.72 calls=0 promotions=0
229/728 c3-t-003 trial=2 mode=off nodes=7473 wall_ms=5.34 calls=0 promotions=0
230/728 c3-t-008 trial=4 mode=off nodes=756 wall_ms=0.59 calls=0 promotions=0
231/728 c3-d-004 trial=6 mode=off nodes=956 wall_ms=1.59 calls=0 promotions=0
232/728 c3-d-009 trial=3 mode=off nodes=1227 wall_ms=1.20 calls=0 promotions=0
233/728 c3-v-008 trial=3 mode=6 nodes=3645 wall_ms=3.52 calls=142 promotions=5
234/728 c3-v-004 trial=6 mode=6 nodes=4043 wall_ms=3.20 calls=64 promotions=0
235/728 c3-t-001 trial=2 mode=6 nodes=2859 wall_ms=2.62 calls=64 promotions=0
236/728 c3-t-007 trial=1 mode=4 nodes=997 wall_ms=1.31 calls=153 promotions=4
237/728 c3-d-008 trial=1 mode=0 nodes=5222 wall_ms=7.31 calls=1500 promotions=143
238/728 c3-t-006 trial=1 mode=off nodes=1513 wall_ms=1.66 calls=0 promotions=0
239/728 c3-d-004 trial=3 mode=off nodes=956 wall_ms=1.27 calls=0 promotions=0
240/728 c3-v-007 trial=4 mode=off nodes=2140 wall_ms=1.32 calls=0 promotions=0
241/728 c3-d-010 trial=3 mode=6 nodes=1208 wall_ms=0.97 calls=1 promotions=0
242/728 c3-d-010 trial=0 mode=6 nodes=1208 wall_ms=0.99 calls=1 promotions=0
243/728 c3-d-005 trial=1 mode=off nodes=1726 wall_ms=1.63 calls=0 promotions=0
244/728 c3-t-008 trial=3 mode=6 nodes=756 wall_ms=0.63 calls=1 promotions=0
245/728 c3-d-006 trial=3 mode=4 nodes=1554 wall_ms=1.35 calls=34 promotions=3
246/728 c3-v-008 trial=4 mode=4 nodes=2595 wall_ms=3.26 calls=233 promotions=17
247/728 c3-t-005 trial=3 mode=0 nodes=2746 wall_ms=3.64 calls=574 promotions=58
248/728 c3-v-001 trial=6 mode=off nodes=628 wall_ms=0.76 calls=0 promotions=0
249/728 c3-d-007 trial=1 mode=4 nodes=8961 wall_ms=9.78 calls=946 promotions=72
250/728 c3-d-007 trial=5 mode=0 nodes=5211 wall_ms=6.84 calls=1437 promotions=143
251/728 c3-t-005 trial=2 mode=off nodes=2954 wall_ms=2.43 calls=0 promotions=0
252/728 c3-t-006 trial=4 mode=0 nodes=3062 wall_ms=2.87 calls=558 promotions=37
253/728 c3-d-006 trial=0 mode=4 nodes=1554 wall_ms=1.30 calls=34 promotions=3
254/728 c3-t-003 trial=0 mode=off nodes=7473 wall_ms=5.17 calls=0 promotions=0
255/728 c3-t-001 trial=6 mode=off nodes=2859 wall_ms=2.83 calls=0 promotions=0
256/728 c3-d-005 trial=3 mode=off nodes=1726 wall_ms=1.52 calls=0 promotions=0
257/728 c3-d-006 trial=0 mode=off nodes=1780 wall_ms=1.45 calls=0 promotions=0
258/728 c3-v-001 trial=4 mode=4 nodes=627 wall_ms=1.41 calls=10 promotions=1
259/728 c3-d-003 trial=0 mode=4 nodes=1690 wall_ms=1.28 calls=96 promotions=4
260/728 c3-d-003 trial=2 mode=off nodes=1461 wall_ms=1.16 calls=0 promotions=0
261/728 c3-d-010 trial=0 mode=off nodes=1208 wall_ms=1.37 calls=0 promotions=0
262/728 c3-t-007 trial=4 mode=4 nodes=997 wall_ms=1.58 calls=153 promotions=4
263/728 c3-t-002 trial=5 mode=4 nodes=4073 wall_ms=4.59 calls=382 promotions=16
264/728 c3-d-006 trial=1 mode=off nodes=1780 wall_ms=1.54 calls=0 promotions=0
265/728 c3-d-005 trial=3 mode=4 nodes=1510 wall_ms=1.50 calls=40 promotions=3
266/728 c3-d-001 trial=0 mode=off nodes=2712 wall_ms=2.27 calls=0 promotions=0
267/728 c3-t-007 trial=1 mode=off nodes=1428 wall_ms=1.46 calls=0 promotions=0
268/728 c3-v-002 trial=4 mode=off nodes=720 wall_ms=0.75 calls=0 promotions=0
269/728 c3-t-003 trial=3 mode=0 nodes=6343 wall_ms=7.52 calls=1016 promotions=129
270/728 c3-d-004 trial=6 mode=0 nodes=956 wall_ms=1.52 calls=134 promotions=0
271/728 c3-t-008 trial=0 mode=4 nodes=756 wall_ms=0.61 calls=21 promotions=0
272/728 c3-v-004 trial=6 mode=0 nodes=3121 wall_ms=3.64 calls=693 promotions=17
273/728 c3-v-007 trial=3 mode=4 nodes=1588 wall_ms=1.30 calls=64 promotions=1
274/728 c3-v-005 trial=1 mode=0 nodes=2703 wall_ms=2.89 calls=388 promotions=29
275/728 c3-t-002 trial=6 mode=off nodes=3498 wall_ms=3.38 calls=0 promotions=0
276/728 c3-d-004 trial=1 mode=6 nodes=956 wall_ms=1.17 calls=15 promotions=0
277/728 c3-v-006 trial=3 mode=0 nodes=9720 wall_ms=13.00 calls=2570 promotions=82
278/728 c3-d-005 trial=3 mode=0 nodes=1729 wall_ms=1.99 calls=130 promotions=13
279/728 c3-t-002 trial=0 mode=6 nodes=4311 wall_ms=4.72 calls=210 promotions=12
280/728 c3-d-003 trial=5 mode=6 nodes=1640 wall_ms=1.33 calls=23 promotions=2
281/728 c3-t-004 trial=2 mode=6 nodes=1712 wall_ms=1.82 calls=9 promotions=0
282/728 c3-v-002 trial=1 mode=4 nodes=720 wall_ms=0.86 calls=7 promotions=0
283/728 c3-v-001 trial=4 mode=0 nodes=627 wall_ms=0.81 calls=17 promotions=1
284/728 c3-v-004 trial=1 mode=off nodes=4043 wall_ms=3.22 calls=0 promotions=0
285/728 c3-d-006 trial=6 mode=off nodes=1780 wall_ms=1.57 calls=0 promotions=0
286/728 c3-v-008 trial=2 mode=off nodes=4210 wall_ms=3.48 calls=0 promotions=0
287/728 c3-d-007 trial=2 mode=off nodes=4433 wall_ms=3.62 calls=0 promotions=0
288/728 c3-t-004 trial=4 mode=off nodes=1712 wall_ms=1.81 calls=0 promotions=0
289/728 c3-d-003 trial=5 mode=0 nodes=1480 wall_ms=1.31 calls=229 promotions=12
290/728 c3-d-009 trial=2 mode=4 nodes=1235 wall_ms=1.49 calls=175 promotions=4
291/728 c3-v-003 trial=3 mode=4 nodes=847 wall_ms=1.26 calls=47 promotions=5
292/728 c3-v-003 trial=3 mode=off nodes=679 wall_ms=1.02 calls=0 promotions=0
293/728 c3-v-005 trial=0 mode=4 nodes=3110 wall_ms=3.25 calls=276 promotions=21
294/728 c3-d-006 trial=5 mode=0 nodes=1553 wall_ms=1.41 calls=102 promotions=7
295/728 c3-d-009 trial=4 mode=6 nodes=1223 wall_ms=1.64 calls=113 promotions=4
296/728 c3-t-005 trial=5 mode=6 nodes=2954 wall_ms=2.63 calls=26 promotions=0
297/728 c3-d-009 trial=0 mode=6 nodes=1223 wall_ms=1.38 calls=113 promotions=4
298/728 c3-v-007 trial=2 mode=4 nodes=1588 wall_ms=1.13 calls=64 promotions=1
299/728 c3-t-008 trial=2 mode=off nodes=756 wall_ms=0.60 calls=0 promotions=0
300/728 c3-v-003 trial=0 mode=off nodes=679 wall_ms=1.13 calls=0 promotions=0
301/728 c3-v-005 trial=4 mode=off nodes=3121 wall_ms=2.37 calls=0 promotions=0
302/728 c3-v-003 trial=1 mode=4 nodes=847 wall_ms=1.38 calls=47 promotions=5
303/728 c3-d-009 trial=6 mode=off nodes=1227 wall_ms=1.06 calls=0 promotions=0
304/728 c3-d-003 trial=6 mode=4 nodes=1690 wall_ms=1.50 calls=96 promotions=4
305/728 c3-v-001 trial=2 mode=off nodes=628 wall_ms=0.76 calls=0 promotions=0
306/728 c3-v-006 trial=1 mode=6 nodes=8163 wall_ms=7.04 calls=294 promotions=8
307/728 c3-d-004 trial=2 mode=4 nodes=956 wall_ms=1.31 calls=66 promotions=0
308/728 c3-t-002 trial=4 mode=6 nodes=4311 wall_ms=4.87 calls=210 promotions=12
309/728 c3-t-001 trial=5 mode=0 nodes=3991 wall_ms=4.81 calls=645 promotions=40
310/728 c3-t-004 trial=4 mode=0 nodes=1935 wall_ms=2.96 calls=386 promotions=16
311/728 c3-d-008 trial=4 mode=4 nodes=5741 wall_ms=6.54 calls=742 promotions=49
312/728 c3-d-001 trial=4 mode=off nodes=2712 wall_ms=2.35 calls=0 promotions=0
313/728 c3-v-003 trial=1 mode=0 nodes=778 wall_ms=1.28 calls=92 promotions=7
314/728 c3-v-007 trial=0 mode=6 nodes=2140 wall_ms=1.30 calls=3 promotions=0
315/728 c3-v-001 trial=1 mode=off nodes=628 wall_ms=0.88 calls=0 promotions=0
316/728 c3-d-004 trial=2 mode=0 nodes=956 wall_ms=1.46 calls=134 promotions=0
317/728 c3-t-008 trial=2 mode=6 nodes=756 wall_ms=0.62 calls=1 promotions=0
318/728 c3-d-004 trial=1 mode=0 nodes=956 wall_ms=1.78 calls=134 promotions=0
319/728 c3-t-006 trial=3 mode=4 nodes=1770 wall_ms=1.52 calls=165 promotions=10
320/728 c3-d-010 trial=2 mode=off nodes=1208 wall_ms=0.99 calls=0 promotions=0
321/728 c3-v-003 trial=6 mode=0 nodes=778 wall_ms=1.27 calls=92 promotions=7
322/728 c3-d-007 trial=5 mode=4 nodes=8961 wall_ms=9.86 calls=946 promotions=72
323/728 c3-v-002 trial=2 mode=0 nodes=720 wall_ms=1.12 calls=16 promotions=0
324/728 c3-d-003 trial=0 mode=off nodes=1461 wall_ms=1.02 calls=0 promotions=0
325/728 c3-d-008 trial=0 mode=off nodes=5550 wall_ms=5.07 calls=0 promotions=0
326/728 c3-t-004 trial=6 mode=4 nodes=1712 wall_ms=1.92 calls=96 promotions=0
327/728 c3-v-005 trial=3 mode=4 nodes=3110 wall_ms=3.14 calls=276 promotions=21
328/728 c3-v-001 trial=3 mode=4 nodes=627 wall_ms=0.93 calls=10 promotions=1
329/728 c3-d-002 trial=2 mode=4 nodes=4319 wall_ms=4.27 calls=310 promotions=15
330/728 c3-d-005 trial=0 mode=4 nodes=1510 wall_ms=1.56 calls=40 promotions=3
331/728 c3-v-001 trial=2 mode=6 nodes=628 wall_ms=0.82 calls=1 promotions=0
332/728 c3-v-003 trial=6 mode=off nodes=679 wall_ms=1.20 calls=0 promotions=0
333/728 c3-t-001 trial=5 mode=off nodes=2859 wall_ms=2.23 calls=0 promotions=0
334/728 c3-t-006 trial=3 mode=6 nodes=1761 wall_ms=1.36 calls=36 promotions=2
335/728 c3-d-005 trial=6 mode=off nodes=1726 wall_ms=1.73 calls=0 promotions=0
336/728 c3-d-008 trial=2 mode=6 nodes=4336 wall_ms=4.05 calls=159 promotions=7
337/728 c3-d-002 trial=0 mode=0 nodes=4314 wall_ms=5.02 calls=587 promotions=33
338/728 c3-d-004 trial=1 mode=off nodes=956 wall_ms=1.54 calls=0 promotions=0
339/728 c3-d-007 trial=1 mode=0 nodes=5211 wall_ms=7.12 calls=1437 promotions=143
340/728 c3-v-007 trial=5 mode=6 nodes=2140 wall_ms=1.39 calls=3 promotions=0
341/728 c3-d-002 trial=3 mode=4 nodes=4319 wall_ms=4.25 calls=310 promotions=15
342/728 c3-v-001 trial=1 mode=0 nodes=627 wall_ms=0.91 calls=17 promotions=1
343/728 c3-v-004 trial=0 mode=6 nodes=4043 wall_ms=3.48 calls=64 promotions=0
344/728 c3-d-007 trial=3 mode=off nodes=4433 wall_ms=3.63 calls=0 promotions=0
345/728 c3-d-002 trial=2 mode=off nodes=3582 wall_ms=2.85 calls=0 promotions=0
346/728 c3-d-009 trial=6 mode=6 nodes=1223 wall_ms=1.40 calls=113 promotions=4
347/728 c3-t-007 trial=0 mode=6 nodes=1692 wall_ms=2.04 calls=93 promotions=8
348/728 c3-t-008 trial=1 mode=6 nodes=756 wall_ms=0.64 calls=1 promotions=0
349/728 c3-d-008 trial=1 mode=4 nodes=5741 wall_ms=6.48 calls=742 promotions=49
350/728 c3-v-001 trial=1 mode=4 nodes=627 wall_ms=0.89 calls=10 promotions=1
351/728 c3-t-002 trial=2 mode=6 nodes=4311 wall_ms=4.66 calls=210 promotions=12
352/728 c3-v-005 trial=5 mode=6 nodes=2518 wall_ms=2.08 calls=83 promotions=2
353/728 c3-v-003 trial=4 mode=6 nodes=679 wall_ms=1.03 calls=4 promotions=0
354/728 c3-v-006 trial=0 mode=0 nodes=9720 wall_ms=12.63 calls=2570 promotions=82
355/728 c3-t-001 trial=5 mode=6 nodes=2859 wall_ms=2.61 calls=64 promotions=0
356/728 c3-v-006 trial=4 mode=off nodes=7191 wall_ms=5.69 calls=0 promotions=0
357/728 c3-v-006 trial=3 mode=6 nodes=8163 wall_ms=7.05 calls=294 promotions=8
358/728 c3-v-004 trial=0 mode=0 nodes=3121 wall_ms=3.76 calls=693 promotions=17
359/728 c3-v-008 trial=3 mode=4 nodes=2595 wall_ms=2.82 calls=233 promotions=17
360/728 c3-v-006 trial=1 mode=0 nodes=9720 wall_ms=12.60 calls=2570 promotions=82
361/728 c3-t-007 trial=5 mode=off nodes=1428 wall_ms=1.43 calls=0 promotions=0
362/728 c3-t-001 trial=1 mode=0 nodes=3991 wall_ms=5.17 calls=645 promotions=40
363/728 c3-t-002 trial=4 mode=0 nodes=3284 wall_ms=4.68 calls=778 promotions=26
364/728 c3-d-009 trial=1 mode=4 nodes=1235 wall_ms=1.55 calls=175 promotions=4
365/728 c3-t-005 trial=3 mode=6 nodes=2954 wall_ms=2.56 calls=26 promotions=0
366/728 c3-d-006 trial=6 mode=4 nodes=1554 wall_ms=1.74 calls=34 promotions=3
367/728 c3-t-003 trial=2 mode=6 nodes=9204 wall_ms=7.97 calls=644 promotions=64
368/728 c3-d-007 trial=3 mode=0 nodes=5211 wall_ms=7.04 calls=1437 promotions=143
369/728 c3-d-010 trial=1 mode=off nodes=1208 wall_ms=1.09 calls=0 promotions=0
370/728 c3-v-005 trial=4 mode=4 nodes=3110 wall_ms=2.89 calls=276 promotions=21
371/728 c3-d-003 trial=4 mode=0 nodes=1480 wall_ms=1.37 calls=229 promotions=12
372/728 c3-d-007 trial=6 mode=0 nodes=5211 wall_ms=6.84 calls=1437 promotions=143
373/728 c3-v-005 trial=2 mode=0 nodes=2703 wall_ms=2.92 calls=388 promotions=29
374/728 c3-t-006 trial=5 mode=6 nodes=1761 wall_ms=1.57 calls=36 promotions=2
375/728 c3-v-004 trial=4 mode=off nodes=4043 wall_ms=3.15 calls=0 promotions=0
376/728 c3-v-008 trial=1 mode=0 nodes=2144 wall_ms=2.79 calls=507 promotions=56
377/728 c3-d-005 trial=4 mode=0 nodes=1729 wall_ms=1.90 calls=130 promotions=13
378/728 c3-d-008 trial=3 mode=0 nodes=5222 wall_ms=7.20 calls=1500 promotions=143
379/728 c3-v-007 trial=0 mode=4 nodes=1588 wall_ms=1.07 calls=64 promotions=1
380/728 c3-d-001 trial=4 mode=4 nodes=4171 wall_ms=4.09 calls=421 promotions=10
381/728 c3-d-004 trial=0 mode=6 nodes=956 wall_ms=1.33 calls=15 promotions=0
382/728 c3-t-006 trial=1 mode=6 nodes=1761 wall_ms=1.65 calls=36 promotions=2
383/728 c3-t-002 trial=2 mode=off nodes=3498 wall_ms=3.44 calls=0 promotions=0
384/728 c3-d-006 trial=5 mode=off nodes=1780 wall_ms=1.51 calls=0 promotions=0
385/728 c3-d-010 trial=3 mode=0 nodes=1082 wall_ms=1.12 calls=186 promotions=18
386/728 c3-v-006 trial=2 mode=0 nodes=9720 wall_ms=12.58 calls=2570 promotions=82
387/728 c3-v-002 trial=5 mode=4 nodes=720 wall_ms=0.91 calls=7 promotions=0
388/728 c3-t-005 trial=2 mode=4 nodes=2951 wall_ms=2.87 calls=184 promotions=2
389/728 c3-v-004 trial=2 mode=6 nodes=4043 wall_ms=3.34 calls=64 promotions=0
390/728 c3-t-001 trial=0 mode=0 nodes=3991 wall_ms=4.88 calls=645 promotions=40
391/728 c3-v-003 trial=6 mode=6 nodes=679 wall_ms=1.02 calls=4 promotions=0
392/728 c3-d-006 trial=5 mode=6 nodes=1780 wall_ms=1.40 calls=21 promotions=3
393/728 c3-t-007 trial=6 mode=4 nodes=997 wall_ms=1.30 calls=153 promotions=4
394/728 c3-v-005 trial=6 mode=4 nodes=3110 wall_ms=2.98 calls=276 promotions=21
395/728 c3-d-006 trial=1 mode=4 nodes=1554 wall_ms=1.49 calls=34 promotions=3
396/728 c3-d-009 trial=5 mode=off nodes=1227 wall_ms=1.34 calls=0 promotions=0
397/728 c3-t-008 trial=2 mode=4 nodes=756 wall_ms=0.69 calls=21 promotions=0
398/728 c3-v-002 trial=4 mode=4 nodes=720 wall_ms=1.03 calls=7 promotions=0
399/728 c3-v-003 trial=4 mode=0 nodes=778 wall_ms=1.35 calls=92 promotions=7
400/728 c3-d-005 trial=2 mode=6 nodes=3680 wall_ms=3.82 calls=120 promotions=13
401/728 c3-d-008 trial=1 mode=off nodes=5550 wall_ms=4.92 calls=0 promotions=0
402/728 c3-t-002 trial=0 mode=0 nodes=3284 wall_ms=5.01 calls=778 promotions=26
403/728 c3-t-002 trial=6 mode=0 nodes=3284 wall_ms=4.63 calls=778 promotions=26
404/728 c3-d-003 trial=6 mode=0 nodes=1480 wall_ms=1.31 calls=229 promotions=12
405/728 c3-d-001 trial=3 mode=0 nodes=5351 wall_ms=6.68 calls=1399 promotions=77
406/728 c3-t-004 trial=2 mode=off nodes=1712 wall_ms=1.79 calls=0 promotions=0
407/728 c3-t-003 trial=2 mode=4 nodes=6296 wall_ms=5.79 calls=584 promotions=68
408/728 c3-v-007 trial=4 mode=6 nodes=2140 wall_ms=1.33 calls=3 promotions=0
409/728 c3-d-001 trial=0 mode=0 nodes=5351 wall_ms=6.59 calls=1399 promotions=77
410/728 c3-d-008 trial=6 mode=0 nodes=5222 wall_ms=7.28 calls=1500 promotions=143
411/728 c3-v-003 trial=2 mode=off nodes=679 wall_ms=1.00 calls=0 promotions=0
412/728 c3-v-002 trial=3 mode=off nodes=720 wall_ms=0.77 calls=0 promotions=0
413/728 c3-v-004 trial=5 mode=4 nodes=5263 wall_ms=5.15 calls=414 promotions=11
414/728 c3-v-005 trial=5 mode=4 nodes=3110 wall_ms=2.89 calls=276 promotions=21
415/728 c3-d-009 trial=1 mode=0 nodes=1235 wall_ms=1.53 calls=194 promotions=4
416/728 c3-d-010 trial=5 mode=off nodes=1208 wall_ms=0.98 calls=0 promotions=0
417/728 c3-d-007 trial=4 mode=6 nodes=7237 wall_ms=6.77 calls=233 promotions=8
418/728 c3-t-005 trial=0 mode=off nodes=2954 wall_ms=2.41 calls=0 promotions=0
419/728 c3-d-007 trial=4 mode=0 nodes=5211 wall_ms=6.88 calls=1437 promotions=143
420/728 c3-v-002 trial=2 mode=4 nodes=720 wall_ms=0.71 calls=7 promotions=0
421/728 c3-d-010 trial=4 mode=4 nodes=940 wall_ms=0.84 calls=29 promotions=3
422/728 c3-v-008 trial=3 mode=0 nodes=2144 wall_ms=3.15 calls=507 promotions=56
423/728 c3-t-008 trial=2 mode=0 nodes=756 wall_ms=0.67 calls=64 promotions=1
424/728 c3-t-008 trial=3 mode=0 nodes=756 wall_ms=0.67 calls=64 promotions=1
425/728 c3-t-002 trial=1 mode=6 nodes=4311 wall_ms=4.66 calls=210 promotions=12
426/728 c3-v-003 trial=5 mode=6 nodes=679 wall_ms=1.01 calls=4 promotions=0
427/728 c3-d-001 trial=2 mode=0 nodes=5351 wall_ms=6.70 calls=1399 promotions=77
428/728 c3-v-006 trial=4 mode=6 nodes=8163 wall_ms=7.07 calls=294 promotions=8
429/728 c3-v-001 trial=0 mode=6 nodes=628 wall_ms=0.77 calls=1 promotions=0
430/728 c3-d-006 trial=0 mode=0 nodes=1553 wall_ms=1.41 calls=102 promotions=7
431/728 c3-d-003 trial=4 mode=6 nodes=1640 wall_ms=1.45 calls=23 promotions=2
432/728 c3-d-001 trial=1 mode=0 nodes=5351 wall_ms=6.46 calls=1399 promotions=77
433/728 c3-d-010 trial=0 mode=4 nodes=940 wall_ms=0.92 calls=29 promotions=3
434/728 c3-t-003 trial=5 mode=off nodes=7473 wall_ms=5.04 calls=0 promotions=0
435/728 c3-t-005 trial=0 mode=6 nodes=2954 wall_ms=2.90 calls=26 promotions=0
436/728 c3-d-008 trial=4 mode=off nodes=5550 wall_ms=4.78 calls=0 promotions=0
437/728 c3-t-006 trial=2 mode=4 nodes=1770 wall_ms=1.57 calls=165 promotions=10
438/728 c3-t-008 trial=4 mode=4 nodes=756 wall_ms=0.86 calls=21 promotions=0
439/728 c3-d-004 trial=5 mode=off nodes=956 wall_ms=1.51 calls=0 promotions=0
440/728 c3-d-007 trial=0 mode=6 nodes=7237 wall_ms=6.71 calls=233 promotions=8
441/728 c3-t-005 trial=1 mode=0 nodes=2746 wall_ms=3.57 calls=574 promotions=58
442/728 c3-t-007 trial=6 mode=off nodes=1428 wall_ms=1.45 calls=0 promotions=0
443/728 c3-d-010 trial=6 mode=0 nodes=1082 wall_ms=1.08 calls=186 promotions=18
444/728 c3-d-004 trial=1 mode=4 nodes=956 wall_ms=1.23 calls=66 promotions=0
445/728 c3-t-005 trial=1 mode=4 nodes=2951 wall_ms=2.99 calls=184 promotions=2
446/728 c3-v-006 trial=6 mode=6 nodes=8163 wall_ms=7.50 calls=294 promotions=8
447/728 c3-v-003 trial=1 mode=off nodes=679 wall_ms=1.03 calls=0 promotions=0
448/728 c3-t-007 trial=4 mode=6 nodes=1692 wall_ms=2.02 calls=93 promotions=8
449/728 c3-d-010 trial=6 mode=off nodes=1208 wall_ms=1.00 calls=0 promotions=0
450/728 c3-t-001 trial=6 mode=6 nodes=2859 wall_ms=2.64 calls=64 promotions=0
451/728 c3-t-004 trial=0 mode=4 nodes=1712 wall_ms=2.06 calls=96 promotions=0
452/728 c3-t-005 trial=6 mode=6 nodes=2954 wall_ms=2.58 calls=26 promotions=0
453/728 c3-t-004 trial=6 mode=off nodes=1712 wall_ms=1.79 calls=0 promotions=0
454/728 c3-v-002 trial=6 mode=off nodes=720 wall_ms=0.75 calls=0 promotions=0
455/728 c3-t-002 trial=3 mode=0 nodes=3284 wall_ms=4.62 calls=778 promotions=26
456/728 c3-v-004 trial=3 mode=0 nodes=3121 wall_ms=3.59 calls=693 promotions=17
457/728 c3-t-008 trial=5 mode=0 nodes=756 wall_ms=0.68 calls=64 promotions=1
458/728 c3-d-008 trial=3 mode=off nodes=5550 wall_ms=4.84 calls=0 promotions=0
459/728 c3-t-002 trial=2 mode=0 nodes=3284 wall_ms=4.60 calls=778 promotions=26
460/728 c3-t-007 trial=4 mode=0 nodes=1313 wall_ms=2.26 calls=272 promotions=15
461/728 c3-t-001 trial=3 mode=off nodes=2859 wall_ms=2.27 calls=0 promotions=0
462/728 c3-v-002 trial=0 mode=off nodes=720 wall_ms=0.88 calls=0 promotions=0
463/728 c3-t-006 trial=6 mode=off nodes=1513 wall_ms=1.72 calls=0 promotions=0
464/728 c3-t-008 trial=5 mode=4 nodes=756 wall_ms=0.67 calls=21 promotions=0
465/728 c3-t-003 trial=6 mode=6 nodes=9204 wall_ms=8.05 calls=644 promotions=64
466/728 c3-d-006 trial=3 mode=0 nodes=1553 wall_ms=1.67 calls=102 promotions=7
467/728 c3-d-003 trial=1 mode=6 nodes=1640 wall_ms=1.17 calls=23 promotions=2
468/728 c3-d-006 trial=4 mode=off nodes=1780 wall_ms=1.49 calls=0 promotions=0
469/728 c3-v-005 trial=0 mode=0 nodes=2703 wall_ms=2.85 calls=388 promotions=29
470/728 c3-v-003 trial=4 mode=off nodes=679 wall_ms=1.03 calls=0 promotions=0
471/728 c3-d-009 trial=3 mode=0 nodes=1235 wall_ms=1.60 calls=194 promotions=4
472/728 c3-d-010 trial=1 mode=0 nodes=1082 wall_ms=1.19 calls=186 promotions=18
473/728 c3-d-004 trial=4 mode=0 nodes=956 wall_ms=1.45 calls=134 promotions=0
474/728 c3-d-009 trial=5 mode=0 nodes=1235 wall_ms=1.58 calls=194 promotions=4
475/728 c3-d-002 trial=5 mode=0 nodes=4314 wall_ms=5.02 calls=587 promotions=33
476/728 c3-d-002 trial=5 mode=6 nodes=3891 wall_ms=3.69 calls=162 promotions=5
477/728 c3-t-007 trial=0 mode=4 nodes=997 wall_ms=1.30 calls=153 promotions=4
478/728 c3-v-004 trial=4 mode=0 nodes=3121 wall_ms=3.76 calls=693 promotions=17
479/728 c3-t-006 trial=2 mode=6 nodes=1761 wall_ms=1.53 calls=36 promotions=2
480/728 c3-d-009 trial=4 mode=4 nodes=1235 wall_ms=1.57 calls=175 promotions=4
481/728 c3-d-005 trial=0 mode=6 nodes=3680 wall_ms=3.74 calls=120 promotions=13
482/728 c3-v-001 trial=5 mode=off nodes=628 wall_ms=0.88 calls=0 promotions=0
483/728 c3-d-008 trial=1 mode=6 nodes=4336 wall_ms=4.06 calls=159 promotions=7
484/728 c3-d-004 trial=4 mode=6 nodes=956 wall_ms=1.18 calls=15 promotions=0
485/728 c3-t-008 trial=3 mode=off nodes=756 wall_ms=0.65 calls=0 promotions=0
486/728 c3-v-008 trial=2 mode=0 nodes=2144 wall_ms=2.85 calls=507 promotions=56
487/728 c3-v-003 trial=5 mode=0 nodes=778 wall_ms=1.24 calls=92 promotions=7
488/728 c3-t-005 trial=5 mode=4 nodes=2951 wall_ms=2.88 calls=184 promotions=2
489/728 c3-d-005 trial=2 mode=0 nodes=1729 wall_ms=1.86 calls=130 promotions=13
490/728 c3-v-006 trial=6 mode=0 nodes=9720 wall_ms=12.67 calls=2570 promotions=82
491/728 c3-v-008 trial=1 mode=6 nodes=3645 wall_ms=3.37 calls=142 promotions=5
492/728 c3-d-008 trial=2 mode=0 nodes=5222 wall_ms=7.19 calls=1500 promotions=143
493/728 c3-t-007 trial=6 mode=6 nodes=1692 wall_ms=1.98 calls=93 promotions=8
494/728 c3-v-001 trial=2 mode=4 nodes=627 wall_ms=1.04 calls=10 promotions=1
495/728 c3-d-005 trial=6 mode=6 nodes=3680 wall_ms=3.86 calls=120 promotions=13
496/728 c3-v-008 trial=0 mode=4 nodes=2595 wall_ms=2.70 calls=233 promotions=17
497/728 c3-t-004 trial=5 mode=6 nodes=1712 wall_ms=1.77 calls=9 promotions=0
498/728 c3-t-001 trial=6 mode=4 nodes=3623 wall_ms=3.57 calls=247 promotions=3
499/728 c3-t-001 trial=1 mode=4 nodes=3623 wall_ms=3.48 calls=247 promotions=3
500/728 c3-v-006 trial=0 mode=6 nodes=8163 wall_ms=7.00 calls=294 promotions=8
501/728 c3-d-010 trial=2 mode=0 nodes=1082 wall_ms=1.09 calls=186 promotions=18
502/728 c3-d-008 trial=5 mode=off nodes=5550 wall_ms=4.72 calls=0 promotions=0
503/728 c3-d-001 trial=4 mode=6 nodes=2769 wall_ms=2.42 calls=28 promotions=1
504/728 c3-d-005 trial=6 mode=4 nodes=1510 wall_ms=1.56 calls=40 promotions=3
505/728 c3-t-007 trial=0 mode=off nodes=1428 wall_ms=1.46 calls=0 promotions=0
506/728 c3-v-007 trial=3 mode=6 nodes=2140 wall_ms=1.26 calls=3 promotions=0
507/728 c3-t-002 trial=1 mode=off nodes=3498 wall_ms=3.66 calls=0 promotions=0
508/728 c3-v-007 trial=1 mode=4 nodes=1588 wall_ms=1.13 calls=64 promotions=1
509/728 c3-t-006 trial=5 mode=4 nodes=1770 wall_ms=1.62 calls=165 promotions=10
510/728 c3-t-002 trial=5 mode=off nodes=3498 wall_ms=3.35 calls=0 promotions=0
511/728 c3-t-002 trial=1 mode=4 nodes=4073 wall_ms=4.46 calls=382 promotions=16
512/728 c3-t-005 trial=5 mode=off nodes=2954 wall_ms=2.53 calls=0 promotions=0
513/728 c3-d-001 trial=6 mode=off nodes=2712 wall_ms=2.23 calls=0 promotions=0
514/728 c3-t-002 trial=5 mode=0 nodes=3284 wall_ms=4.70 calls=778 promotions=26
515/728 c3-t-004 trial=1 mode=4 nodes=1712 wall_ms=2.02 calls=96 promotions=0
516/728 c3-d-010 trial=4 mode=0 nodes=1082 wall_ms=1.09 calls=186 promotions=18
517/728 c3-d-002 trial=6 mode=0 nodes=4314 wall_ms=4.96 calls=587 promotions=33
518/728 c3-t-005 trial=0 mode=4 nodes=2951 wall_ms=2.80 calls=184 promotions=2
519/728 c3-v-004 trial=3 mode=6 nodes=4043 wall_ms=3.30 calls=64 promotions=0
520/728 c3-d-001 trial=5 mode=off nodes=2712 wall_ms=2.35 calls=0 promotions=0
521/728 c3-d-006 trial=6 mode=0 nodes=1553 wall_ms=1.78 calls=102 promotions=7
522/728 c3-v-004 trial=6 mode=off nodes=4043 wall_ms=3.25 calls=0 promotions=0
523/728 c3-v-002 trial=3 mode=0 nodes=720 wall_ms=0.80 calls=16 promotions=0
524/728 c3-t-006 trial=0 mode=0 nodes=3062 wall_ms=2.98 calls=558 promotions=37
525/728 c3-v-005 trial=5 mode=0 nodes=2703 wall_ms=2.83 calls=388 promotions=29
526/728 c3-v-007 trial=2 mode=6 nodes=2140 wall_ms=1.34 calls=3 promotions=0
527/728 c3-t-003 trial=6 mode=off nodes=7473 wall_ms=5.12 calls=0 promotions=0
528/728 c3-v-008 trial=6 mode=0 nodes=2144 wall_ms=2.88 calls=507 promotions=56
529/728 c3-v-002 trial=5 mode=6 nodes=720 wall_ms=0.89 calls=1 promotions=0
530/728 c3-v-002 trial=2 mode=6 nodes=720 wall_ms=1.13 calls=1 promotions=0
531/728 c3-d-005 trial=3 mode=6 nodes=3680 wall_ms=4.12 calls=120 promotions=13
532/728 c3-t-006 trial=2 mode=0 nodes=3062 wall_ms=3.16 calls=558 promotions=37
533/728 c3-v-005 trial=3 mode=0 nodes=2703 wall_ms=2.79 calls=388 promotions=29
534/728 c3-v-007 trial=6 mode=off nodes=2140 wall_ms=1.40 calls=0 promotions=0
535/728 c3-v-008 trial=5 mode=off nodes=4210 wall_ms=3.56 calls=0 promotions=0
536/728 c3-d-005 trial=1 mode=0 nodes=1729 wall_ms=2.01 calls=130 promotions=13
537/728 c3-d-009 trial=0 mode=off nodes=1227 wall_ms=1.18 calls=0 promotions=0
538/728 c3-t-007 trial=3 mode=4 nodes=997 wall_ms=1.35 calls=153 promotions=4
539/728 c3-t-005 trial=6 mode=0 nodes=2746 wall_ms=3.78 calls=574 promotions=58
540/728 c3-t-003 trial=5 mode=0 nodes=6343 wall_ms=6.86 calls=1016 promotions=129
541/728 c3-v-006 trial=2 mode=off nodes=7191 wall_ms=5.97 calls=0 promotions=0
542/728 c3-d-004 trial=5 mode=4 nodes=956 wall_ms=1.26 calls=66 promotions=0
543/728 c3-v-008 trial=6 mode=4 nodes=2595 wall_ms=2.72 calls=233 promotions=17
544/728 c3-t-003 trial=4 mode=0 nodes=6343 wall_ms=6.94 calls=1016 promotions=129
545/728 c3-t-003 trial=4 mode=4 nodes=6296 wall_ms=5.80 calls=584 promotions=68
546/728 c3-t-001 trial=4 mode=4 nodes=3623 wall_ms=3.44 calls=247 promotions=3
547/728 c3-v-004 trial=5 mode=6 nodes=4043 wall_ms=3.23 calls=64 promotions=0
548/728 c3-d-002 trial=3 mode=0 nodes=4314 wall_ms=4.93 calls=587 promotions=33
549/728 c3-d-006 trial=3 mode=6 nodes=1780 wall_ms=1.38 calls=21 promotions=3
550/728 c3-v-005 trial=6 mode=6 nodes=2518 wall_ms=2.07 calls=83 promotions=2
551/728 c3-d-007 trial=6 mode=6 nodes=7237 wall_ms=7.07 calls=233 promotions=8
552/728 c3-t-006 trial=3 mode=off nodes=1513 wall_ms=1.53 calls=0 promotions=0
553/728 c3-t-004 trial=4 mode=6 nodes=1712 wall_ms=1.77 calls=9 promotions=0
554/728 c3-d-002 trial=4 mode=4 nodes=4319 wall_ms=4.29 calls=310 promotions=15
555/728 c3-d-003 trial=0 mode=0 nodes=1480 wall_ms=1.25 calls=229 promotions=12
556/728 c3-v-008 trial=0 mode=6 nodes=3645 wall_ms=3.54 calls=142 promotions=5
557/728 c3-d-005 trial=5 mode=off nodes=1726 wall_ms=1.53 calls=0 promotions=0
558/728 c3-t-002 trial=0 mode=4 nodes=4073 wall_ms=4.47 calls=382 promotions=16
559/728 c3-d-002 trial=1 mode=6 nodes=3891 wall_ms=3.60 calls=162 promotions=5
560/728 c3-t-006 trial=0 mode=off nodes=1513 wall_ms=1.37 calls=0 promotions=0
561/728 c3-d-007 trial=2 mode=0 nodes=5211 wall_ms=6.77 calls=1437 promotions=143
562/728 c3-t-003 trial=6 mode=4 nodes=6296 wall_ms=5.77 calls=584 promotions=68
563/728 c3-t-005 trial=1 mode=off nodes=2954 wall_ms=3.03 calls=0 promotions=0
564/728 c3-v-006 trial=1 mode=off nodes=7191 wall_ms=5.47 calls=0 promotions=0
565/728 c3-v-001 trial=0 mode=4 nodes=627 wall_ms=0.83 calls=10 promotions=1
566/728 c3-v-001 trial=6 mode=4 nodes=627 wall_ms=0.76 calls=10 promotions=1
567/728 c3-v-001 trial=3 mode=6 nodes=628 wall_ms=0.73 calls=1 promotions=0
568/728 c3-t-003 trial=6 mode=0 nodes=6343 wall_ms=6.87 calls=1016 promotions=129
569/728 c3-d-002 trial=1 mode=0 nodes=4314 wall_ms=4.86 calls=587 promotions=33
570/728 c3-d-009 trial=2 mode=off nodes=1227 wall_ms=1.09 calls=0 promotions=0
571/728 c3-t-005 trial=3 mode=off nodes=2954 wall_ms=2.59 calls=0 promotions=0
572/728 c3-d-003 trial=1 mode=off nodes=1461 wall_ms=1.01 calls=0 promotions=0
573/728 c3-v-008 trial=5 mode=6 nodes=3645 wall_ms=3.53 calls=142 promotions=5
574/728 c3-v-002 trial=6 mode=6 nodes=720 wall_ms=0.73 calls=1 promotions=0
575/728 c3-t-005 trial=4 mode=4 nodes=2951 wall_ms=2.86 calls=184 promotions=2
576/728 c3-t-001 trial=1 mode=6 nodes=2859 wall_ms=2.75 calls=64 promotions=0
577/728 c3-t-001 trial=1 mode=off nodes=2859 wall_ms=2.29 calls=0 promotions=0
578/728 c3-t-007 trial=2 mode=4 nodes=997 wall_ms=1.48 calls=153 promotions=4
579/728 c3-t-008 trial=1 mode=off nodes=756 wall_ms=0.69 calls=0 promotions=0
580/728 c3-d-004 trial=5 mode=0 nodes=956 wall_ms=1.46 calls=134 promotions=0
581/728 c3-t-007 trial=2 mode=0 nodes=1313 wall_ms=2.19 calls=272 promotions=15
582/728 c3-d-004 trial=2 mode=6 nodes=956 wall_ms=1.17 calls=15 promotions=0
583/728 c3-v-005 trial=1 mode=4 nodes=3110 wall_ms=2.90 calls=276 promotions=21
584/728 c3-d-006 trial=1 mode=6 nodes=1780 wall_ms=1.39 calls=21 promotions=3
585/728 c3-t-004 trial=3 mode=4 nodes=1712 wall_ms=2.11 calls=96 promotions=0
586/728 c3-d-010 trial=5 mode=6 nodes=1208 wall_ms=0.98 calls=1 promotions=0
587/728 c3-d-003 trial=3 mode=6 nodes=1640 wall_ms=1.15 calls=23 promotions=2
588/728 c3-d-007 trial=0 mode=0 nodes=5211 wall_ms=6.95 calls=1437 promotions=143
589/728 c3-v-005 trial=2 mode=4 nodes=3110 wall_ms=3.17 calls=276 promotions=21
590/728 c3-v-006 trial=6 mode=off nodes=7191 wall_ms=5.55 calls=0 promotions=0
591/728 c3-t-004 trial=5 mode=0 nodes=1935 wall_ms=2.83 calls=386 promotions=16
592/728 c3-d-009 trial=2 mode=0 nodes=1235 wall_ms=1.54 calls=194 promotions=4
593/728 c3-t-003 trial=3 mode=4 nodes=6296 wall_ms=5.81 calls=584 promotions=68
594/728 c3-v-001 trial=6 mode=6 nodes=628 wall_ms=0.71 calls=1 promotions=0
595/728 c3-t-002 trial=3 mode=off nodes=3498 wall_ms=3.44 calls=0 promotions=0
596/728 c3-v-003 trial=0 mode=6 nodes=679 wall_ms=1.20 calls=4 promotions=0
597/728 c3-d-007 trial=2 mode=6 nodes=7237 wall_ms=6.73 calls=233 promotions=8
598/728 c3-d-009 trial=2 mode=6 nodes=1223 wall_ms=1.41 calls=113 promotions=4
599/728 c3-t-001 trial=3 mode=6 nodes=2859 wall_ms=2.48 calls=64 promotions=0
600/728 c3-v-007 trial=3 mode=off nodes=2140 wall_ms=1.28 calls=0 promotions=0
601/728 c3-t-006 trial=6 mode=0 nodes=3062 wall_ms=2.77 calls=558 promotions=37
602/728 c3-v-002 trial=0 mode=6 nodes=720 wall_ms=0.73 calls=1 promotions=0
603/728 c3-d-003 trial=3 mode=off nodes=1461 wall_ms=1.03 calls=0 promotions=0
604/728 c3-d-009 trial=3 mode=6 nodes=1223 wall_ms=1.38 calls=113 promotions=4
605/728 c3-d-002 trial=4 mode=6 nodes=3891 wall_ms=3.59 calls=162 promotions=5
606/728 c3-d-009 trial=5 mode=4 nodes=1235 wall_ms=1.53 calls=175 promotions=4
607/728 c3-d-005 trial=0 mode=off nodes=1726 wall_ms=1.51 calls=0 promotions=0
608/728 c3-d-004 trial=0 mode=4 nodes=956 wall_ms=1.34 calls=66 promotions=0
609/728 c3-d-010 trial=4 mode=6 nodes=1208 wall_ms=0.91 calls=1 promotions=0
610/728 c3-d-005 trial=0 mode=0 nodes=1729 wall_ms=1.81 calls=130 promotions=13
611/728 c3-v-002 trial=5 mode=off nodes=720 wall_ms=0.76 calls=0 promotions=0
612/728 c3-t-001 trial=3 mode=4 nodes=3623 wall_ms=3.41 calls=247 promotions=3
613/728 c3-d-001 trial=6 mode=6 nodes=2769 wall_ms=2.35 calls=28 promotions=1
614/728 c3-v-006 trial=2 mode=4 nodes=8990 wall_ms=8.69 calls=920 promotions=19
615/728 c3-v-003 trial=4 mode=4 nodes=847 wall_ms=1.57 calls=47 promotions=5
616/728 c3-t-005 trial=3 mode=4 nodes=2951 wall_ms=2.83 calls=184 promotions=2
617/728 c3-t-002 trial=3 mode=4 nodes=4073 wall_ms=4.67 calls=382 promotions=16
618/728 c3-t-004 trial=2 mode=0 nodes=1935 wall_ms=2.81 calls=386 promotions=16
619/728 c3-d-002 trial=6 mode=off nodes=3582 wall_ms=3.10 calls=0 promotions=0
620/728 c3-d-006 trial=2 mode=6 nodes=1780 wall_ms=1.50 calls=21 promotions=3
621/728 c3-d-001 trial=3 mode=6 nodes=2769 wall_ms=2.47 calls=28 promotions=1
622/728 c3-d-003 trial=5 mode=off nodes=1461 wall_ms=1.01 calls=0 promotions=0
623/728 c3-d-001 trial=3 mode=4 nodes=4171 wall_ms=3.83 calls=421 promotions=10
624/728 c3-t-007 trial=1 mode=6 nodes=1692 wall_ms=1.90 calls=93 promotions=8
625/728 c3-t-007 trial=0 mode=0 nodes=1313 wall_ms=2.10 calls=272 promotions=15
626/728 c3-d-010 trial=3 mode=off nodes=1208 wall_ms=1.24 calls=0 promotions=0
627/728 c3-v-001 trial=5 mode=4 nodes=627 wall_ms=0.79 calls=10 promotions=1
628/728 c3-d-004 trial=6 mode=6 nodes=956 wall_ms=1.52 calls=15 promotions=0
629/728 c3-t-006 trial=1 mode=0 nodes=3062 wall_ms=3.01 calls=558 promotions=37
630/728 c3-t-008 trial=1 mode=0 nodes=756 wall_ms=0.89 calls=64 promotions=1
631/728 c3-t-006 trial=4 mode=4 nodes=1770 wall_ms=1.66 calls=165 promotions=10
632/728 c3-t-007 trial=3 mode=off nodes=1428 wall_ms=1.45 calls=0 promotions=0
633/728 c3-v-004 trial=5 mode=off nodes=4043 wall_ms=3.14 calls=0 promotions=0
634/728 c3-t-007 trial=2 mode=6 nodes=1692 wall_ms=1.84 calls=93 promotions=8
635/728 c3-v-004 trial=1 mode=0 nodes=3121 wall_ms=3.67 calls=693 promotions=17
636/728 c3-d-001 trial=4 mode=0 nodes=5351 wall_ms=6.63 calls=1399 promotions=77
637/728 c3-t-003 trial=1 mode=6 nodes=9204 wall_ms=8.16 calls=644 promotions=64
638/728 c3-v-007 trial=0 mode=0 nodes=1991 wall_ms=1.71 calls=463 promotions=6
639/728 c3-v-007 trial=3 mode=0 nodes=1991 wall_ms=1.82 calls=463 promotions=6
640/728 c3-t-003 trial=0 mode=0 nodes=6343 wall_ms=6.95 calls=1016 promotions=129
641/728 c3-d-008 trial=5 mode=0 nodes=5222 wall_ms=7.13 calls=1500 promotions=143
642/728 c3-d-007 trial=5 mode=off nodes=4433 wall_ms=3.55 calls=0 promotions=0
643/728 c3-v-005 trial=6 mode=0 nodes=2703 wall_ms=2.87 calls=388 promotions=29
644/728 c3-t-007 trial=5 mode=6 nodes=1692 wall_ms=1.94 calls=93 promotions=8
645/728 c3-v-006 trial=5 mode=6 nodes=8163 wall_ms=7.57 calls=294 promotions=8
646/728 c3-t-003 trial=0 mode=6 nodes=9204 wall_ms=8.18 calls=644 promotions=64
647/728 c3-d-005 trial=1 mode=4 nodes=1510 wall_ms=1.51 calls=40 promotions=3
648/728 c3-t-007 trial=1 mode=0 nodes=1313 wall_ms=2.02 calls=272 promotions=15
649/728 c3-t-006 trial=5 mode=off nodes=1513 wall_ms=1.63 calls=0 promotions=0
650/728 c3-d-009 trial=0 mode=4 nodes=1235 wall_ms=1.53 calls=175 promotions=4
651/728 c3-d-009 trial=4 mode=0 nodes=1235 wall_ms=1.55 calls=194 promotions=4
652/728 c3-d-010 trial=6 mode=6 nodes=1208 wall_ms=0.93 calls=1 promotions=0
653/728 c3-t-003 trial=1 mode=0 nodes=6343 wall_ms=6.79 calls=1016 promotions=129
654/728 c3-d-002 trial=3 mode=6 nodes=3891 wall_ms=3.66 calls=162 promotions=5
655/728 c3-v-008 trial=5 mode=0 nodes=2144 wall_ms=2.78 calls=507 promotions=56
656/728 c3-d-008 trial=5 mode=6 nodes=4336 wall_ms=4.08 calls=159 promotions=7
657/728 c3-v-003 trial=0 mode=4 nodes=847 wall_ms=1.22 calls=47 promotions=5
658/728 c3-t-001 trial=6 mode=0 nodes=3991 wall_ms=4.84 calls=645 promotions=40
659/728 c3-t-003 trial=1 mode=4 nodes=6296 wall_ms=5.84 calls=584 promotions=68
660/728 c3-d-003 trial=4 mode=4 nodes=1690 wall_ms=1.28 calls=96 promotions=4
661/728 c3-v-008 trial=4 mode=6 nodes=3645 wall_ms=3.58 calls=142 promotions=5
662/728 c3-v-007 trial=5 mode=0 nodes=1991 wall_ms=1.70 calls=463 promotions=6
663/728 c3-v-003 trial=5 mode=4 nodes=847 wall_ms=1.23 calls=47 promotions=5
664/728 c3-t-004 trial=1 mode=0 nodes=1935 wall_ms=2.83 calls=386 promotions=16
665/728 c3-d-005 trial=2 mode=off nodes=1726 wall_ms=1.50 calls=0 promotions=0
666/728 c3-d-010 trial=4 mode=off nodes=1208 wall_ms=0.89 calls=0 promotions=0
667/728 c3-v-002 trial=0 mode=4 nodes=720 wall_ms=0.94 calls=7 promotions=0
668/728 c3-t-004 trial=1 mode=off nodes=1712 wall_ms=1.72 calls=0 promotions=0
669/728 c3-d-005 trial=2 mode=4 nodes=1510 wall_ms=1.66 calls=40 promotions=3
670/728 c3-t-004 trial=0 mode=off nodes=1712 wall_ms=1.90 calls=0 promotions=0
671/728 c3-d-002 trial=6 mode=4 nodes=4319 wall_ms=4.75 calls=310 promotions=15
672/728 c3-v-008 trial=0 mode=0 nodes=2144 wall_ms=2.74 calls=507 promotions=56
673/728 c3-d-001 trial=1 mode=off nodes=2712 wall_ms=2.30 calls=0 promotions=0
674/728 c3-d-006 trial=2 mode=0 nodes=1553 wall_ms=1.45 calls=102 promotions=7
675/728 c3-d-001 trial=5 mode=0 nodes=5351 wall_ms=6.61 calls=1399 promotions=77
676/728 c3-v-006 trial=5 mode=0 nodes=9720 wall_ms=13.01 calls=2570 promotions=82
677/728 c3-d-005 trial=4 mode=4 nodes=1510 wall_ms=1.53 calls=40 promotions=3
678/728 c3-d-005 trial=6 mode=0 nodes=1729 wall_ms=1.91 calls=130 promotions=13
679/728 c3-d-005 trial=4 mode=off nodes=1726 wall_ms=1.62 calls=0 promotions=0
680/728 c3-d-003 trial=0 mode=6 nodes=1640 wall_ms=1.27 calls=23 promotions=2
681/728 c3-v-004 trial=2 mode=off nodes=4043 wall_ms=3.43 calls=0 promotions=0
682/728 c3-v-006 trial=3 mode=4 nodes=8990 wall_ms=8.86 calls=920 promotions=19
683/728 c3-t-005 trial=4 mode=0 nodes=2746 wall_ms=3.59 calls=574 promotions=58
684/728 c3-t-003 trial=0 mode=4 nodes=6296 wall_ms=5.84 calls=584 promotions=68
685/728 c3-v-004 trial=1 mode=4 nodes=5263 wall_ms=4.98 calls=414 promotions=11
686/728 c3-v-005 trial=2 mode=off nodes=3121 wall_ms=2.67 calls=0 promotions=0
687/728 c3-d-002 trial=2 mode=0 nodes=4314 wall_ms=5.34 calls=587 promotions=33
688/728 c3-d-004 trial=0 mode=0 nodes=956 wall_ms=1.41 calls=134 promotions=0
689/728 c3-d-002 trial=0 mode=off nodes=3582 wall_ms=2.84 calls=0 promotions=0
690/728 c3-t-004 trial=0 mode=0 nodes=1935 wall_ms=2.94 calls=386 promotions=16
691/728 c3-t-008 trial=0 mode=6 nodes=756 wall_ms=0.73 calls=1 promotions=0
692/728 c3-t-008 trial=0 mode=0 nodes=756 wall_ms=0.60 calls=64 promotions=1
693/728 c3-v-007 trial=4 mode=4 nodes=1588 wall_ms=1.57 calls=64 promotions=1
694/728 c3-d-006 trial=3 mode=off nodes=1780 wall_ms=1.39 calls=0 promotions=0
695/728 c3-d-007 trial=1 mode=off nodes=4433 wall_ms=3.82 calls=0 promotions=0
696/728 c3-v-007 trial=1 mode=0 nodes=1991 wall_ms=1.76 calls=463 promotions=6
697/728 c3-t-005 trial=6 mode=4 nodes=2951 wall_ms=3.64 calls=184 promotions=2
698/728 c3-v-001 trial=5 mode=6 nodes=628 wall_ms=0.88 calls=1 promotions=0
699/728 c3-v-007 trial=2 mode=0 nodes=1991 wall_ms=1.80 calls=463 promotions=6
700/728 c3-t-004 trial=6 mode=0 nodes=1935 wall_ms=2.85 calls=386 promotions=16
701/728 c3-d-007 trial=5 mode=6 nodes=7237 wall_ms=6.55 calls=233 promotions=8
702/728 c3-d-008 trial=2 mode=off nodes=5550 wall_ms=5.22 calls=0 promotions=0
703/728 c3-d-003 trial=6 mode=off nodes=1461 wall_ms=1.23 calls=0 promotions=0
704/728 c3-t-006 trial=4 mode=6 nodes=1761 wall_ms=1.36 calls=36 promotions=2
705/728 c3-v-003 trial=6 mode=4 nodes=847 wall_ms=1.23 calls=47 promotions=5
706/728 c3-v-007 trial=6 mode=4 nodes=1588 wall_ms=1.09 calls=64 promotions=1
707/728 c3-d-010 trial=0 mode=0 nodes=1082 wall_ms=1.07 calls=186 promotions=18
708/728 c3-d-001 trial=0 mode=6 nodes=2769 wall_ms=2.66 calls=28 promotions=1
709/728 c3-t-003 trial=3 mode=off nodes=7473 wall_ms=5.07 calls=0 promotions=0
710/728 c3-d-007 trial=0 mode=off nodes=4433 wall_ms=3.65 calls=0 promotions=0
711/728 c3-t-002 trial=6 mode=4 nodes=4073 wall_ms=4.46 calls=382 promotions=16
712/728 c3-t-003 trial=5 mode=6 nodes=9204 wall_ms=8.05 calls=644 promotions=64
713/728 c3-d-004 trial=3 mode=0 nodes=956 wall_ms=1.53 calls=134 promotions=0
714/728 c3-d-006 trial=0 mode=6 nodes=1780 wall_ms=1.38 calls=21 promotions=3
715/728 c3-d-008 trial=5 mode=4 nodes=5741 wall_ms=6.52 calls=742 promotions=49
716/728 c3-t-006 trial=0 mode=6 nodes=1761 wall_ms=1.45 calls=36 promotions=2
717/728 c3-d-006 trial=4 mode=4 nodes=1554 wall_ms=1.31 calls=34 promotions=3
718/728 c3-v-007 trial=0 mode=off nodes=2140 wall_ms=1.22 calls=0 promotions=0
719/728 c3-v-005 trial=0 mode=off nodes=3121 wall_ms=2.68 calls=0 promotions=0
720/728 c3-t-002 trial=2 mode=4 nodes=4073 wall_ms=4.51 calls=382 promotions=16
721/728 c3-v-004 trial=5 mode=0 nodes=3121 wall_ms=3.68 calls=693 promotions=17
722/728 c3-t-007 trial=3 mode=6 nodes=1692 wall_ms=2.15 calls=93 promotions=8
723/728 c3-d-009 trial=3 mode=4 nodes=1235 wall_ms=1.58 calls=175 promotions=4
724/728 c3-v-002 trial=6 mode=4 nodes=720 wall_ms=0.86 calls=7 promotions=0
725/728 c3-d-010 trial=1 mode=4 nodes=940 wall_ms=0.92 calls=29 promotions=3
726/728 c3-v-002 trial=3 mode=6 nodes=720 wall_ms=0.72 calls=1 promotions=0
727/728 c3-t-008 trial=0 mode=off nodes=756 wall_ms=0.61 calls=0 promotions=0
728/728 c3-d-007 trial=6 mode=off nodes=4433 wall_ms=3.60 calls=0 promotions=0
SUMMARY mode=off node_ratio=1.0000 wall_ratio=1.0000 paired_median=1.0000 calls=0 promotions=0 root_changes=0
SUMMARY mode=0 node_ratio=1.0547 wall_ratio=1.5217 paired_median=1.3231 calls=104559 promotions=6790 root_changes=126
SUMMARY mode=4 node_ratio=1.1069 wall_ratio=1.3337 paired_median=1.1849 calls=46634 promotions=2387 root_changes=119
SUMMARY mode=6 node_ratio=1.0998 wall_ratio=1.1965 paired_median=1.0556 calls=17850 promotions=1008 root_changes=63
