1/312 c3-v-005 trial=2 mode=6 nodes=12465 wall_ms=11.72 calls=776 promotions=58
2/312 c3-v-001 trial=0 mode=off nodes=1948 wall_ms=2.08 calls=0 promotions=0
3/312 c3-t-007 trial=1 mode=0 nodes=1896 wall_ms=2.73 calls=499 promotions=15
4/312 c3-d-003 trial=1 mode=off nodes=8738 wall_ms=5.22 calls=0 promotions=0
5/312 c3-t-002 trial=1 mode=4 nodes=36458 wall_ms=39.87 calls=4249 promotions=294
6/312 c3-d-010 trial=1 mode=6 nodes=3498 wall_ms=2.13 calls=65 promotions=1
7/312 c3-d-002 trial=0 mode=4 nodes=14654 wall_ms=15.14 calls=1297 promotions=88
8/312 c3-t-001 trial=1 mode=0 nodes=15810 wall_ms=17.84 calls=2475 promotions=173
9/312 c3-d-002 trial=0 mode=0 nodes=23550 wall_ms=29.98 calls=4461 promotions=350
10/312 c3-t-002 trial=0 mode=0 nodes=26670 wall_ms=36.57 calls=6861 promotions=516
11/312 c3-t-007 trial=1 mode=6 nodes=2273 wall_ms=2.67 calls=285 promotions=8
12/312 c3-d-006 trial=0 mode=0 nodes=5442 wall_ms=6.21 calls=920 promotions=57
13/312 c3-v-006 trial=1 mode=0 nodes=14827 wall_ms=19.30 calls=3837 promotions=151
14/312 c3-d-007 trial=0 mode=4 nodes=78478 wall_ms=88.98 calls=8904 promotions=991
15/312 c3-d-005 trial=2 mode=off nodes=5069 wall_ms=4.36 calls=0 promotions=0
16/312 c3-t-001 trial=1 mode=6 nodes=5020 wall_ms=4.37 calls=146 promotions=12
17/312 c3-d-003 trial=2 mode=off nodes=8738 wall_ms=5.54 calls=0 promotions=0
18/312 c3-d-009 trial=0 mode=4 nodes=1794 wall_ms=2.15 calls=364 promotions=4
19/312 c3-v-004 trial=2 mode=6 nodes=24188 wall_ms=23.88 calls=1566 promotions=87
20/312 c3-v-003 trial=1 mode=off nodes=3450 wall_ms=3.83 calls=0 promotions=0
21/312 c3-v-006 trial=1 mode=off nodes=21643 wall_ms=17.30 calls=0 promotions=0
22/312 c3-v-002 trial=0 mode=6 nodes=1979 wall_ms=1.70 calls=19 promotions=0
23/312 c3-v-004 trial=0 mode=4 nodes=37572 wall_ms=40.82 calls=4204 promotions=257
24/312 c3-v-002 trial=1 mode=6 nodes=1979 wall_ms=1.96 calls=19 promotions=0
25/312 c3-d-010 trial=0 mode=0 nodes=6680 wall_ms=4.61 calls=1426 promotions=33
26/312 c3-t-006 trial=2 mode=4 nodes=7209 wall_ms=6.29 calls=827 promotions=62
27/312 c3-t-003 trial=1 mode=off nodes=27640 wall_ms=19.64 calls=0 promotions=0
28/312 c3-t-004 trial=1 mode=6 nodes=29345 wall_ms=27.98 calls=1658 promotions=63
29/312 c3-d-009 trial=1 mode=0 nodes=1794 wall_ms=2.36 calls=383 promotions=4
30/312 c3-t-003 trial=2 mode=4 nodes=21155 wall_ms=20.08 calls=2424 promotions=334
31/312 c3-t-004 trial=0 mode=4 nodes=23706 wall_ms=24.67 calls=2491 promotions=143
32/312 c3-v-001 trial=0 mode=6 nodes=1949 wall_ms=2.17 calls=34 promotions=1
33/312 c3-v-006 trial=0 mode=0 nodes=14827 wall_ms=19.17 calls=3837 promotions=151
34/312 c3-d-010 trial=0 mode=4 nodes=7250 wall_ms=4.03 calls=577 promotions=7
35/312 c3-d-001 trial=2 mode=off nodes=19250 wall_ms=15.37 calls=0 promotions=0
36/312 c3-t-005 trial=0 mode=0 nodes=5933 wall_ms=7.80 calls=1299 promotions=147
37/312 c3-t-003 trial=2 mode=6 nodes=22404 wall_ms=21.89 calls=1673 promotions=178
38/312 c3-d-001 trial=1 mode=off nodes=19250 wall_ms=16.89 calls=0 promotions=0
39/312 c3-d-008 trial=2 mode=off nodes=15642 wall_ms=13.03 calls=0 promotions=0
40/312 c3-t-003 trial=1 mode=6 nodes=22404 wall_ms=20.29 calls=1673 promotions=178
41/312 c3-d-006 trial=1 mode=off nodes=5382 wall_ms=4.53 calls=0 promotions=0
42/312 c3-v-001 trial=0 mode=0 nodes=2158 wall_ms=2.89 calls=202 promotions=34
43/312 c3-v-007 trial=1 mode=off nodes=8497 wall_ms=4.31 calls=0 promotions=0
44/312 c3-t-007 trial=2 mode=4 nodes=1555 wall_ms=2.07 calls=339 promotions=4
45/312 c3-d-001 trial=1 mode=0 nodes=24832 wall_ms=33.13 calls=6427 promotions=549
46/312 c3-v-005 trial=1 mode=6 nodes=12465 wall_ms=11.89 calls=776 promotions=58
47/312 c3-v-002 trial=1 mode=4 nodes=9294 wall_ms=10.85 calls=746 promotions=77
48/312 c3-d-007 trial=0 mode=off nodes=42806 wall_ms=38.02 calls=0 promotions=0
49/312 c3-d-005 trial=1 mode=4 nodes=5742 wall_ms=6.54 calls=338 promotions=32
50/312 c3-d-009 trial=2 mode=6 nodes=1788 wall_ms=2.29 calls=308 promotions=4
51/312 c3-d-003 trial=2 mode=6 nodes=236245 wall_ms=145.91 calls=17812 promotions=685
52/312 c3-d-009 trial=1 mode=6 nodes=1788 wall_ms=1.84 calls=308 promotions=4
53/312 c3-d-010 trial=0 mode=6 nodes=3498 wall_ms=2.06 calls=65 promotions=1
54/312 c3-t-004 trial=1 mode=4 nodes=23706 wall_ms=24.49 calls=2491 promotions=143
55/312 c3-v-003 trial=2 mode=0 nodes=2134 wall_ms=3.19 calls=398 promotions=22
56/312 c3-t-006 trial=1 mode=4 nodes=7209 wall_ms=5.89 calls=827 promotions=62
57/312 c3-v-003 trial=0 mode=0 nodes=2134 wall_ms=3.28 calls=398 promotions=22
58/312 c3-t-006 trial=2 mode=off nodes=7218 wall_ms=4.92 calls=0 promotions=0
59/312 c3-d-006 trial=0 mode=4 nodes=5369 wall_ms=5.47 calls=407 promotions=23
60/312 c3-d-006 trial=2 mode=4 nodes=5369 wall_ms=5.24 calls=407 promotions=23
61/312 c3-v-002 trial=2 mode=off nodes=1979 wall_ms=1.62 calls=0 promotions=0
62/312 c3-d-007 trial=1 mode=0 nodes=45754 wall_ms=81.07 calls=12706 promotions=1410
63/312 c3-v-001 trial=1 mode=6 nodes=1949 wall_ms=2.25 calls=34 promotions=1
64/312 c3-t-001 trial=0 mode=off nodes=14261 wall_ms=11.57 calls=0 promotions=0
65/312 c3-t-002 trial=2 mode=0 nodes=26670 wall_ms=36.61 calls=6861 promotions=516
66/312 c3-t-006 trial=0 mode=off nodes=7218 wall_ms=5.08 calls=0 promotions=0
67/312 c3-d-007 trial=2 mode=0 nodes=45754 wall_ms=64.66 calls=12706 promotions=1410
68/312 c3-v-005 trial=0 mode=6 nodes=12465 wall_ms=12.93 calls=776 promotions=58
69/312 c3-d-001 trial=1 mode=4 nodes=8469 wall_ms=8.09 calls=945 promotions=32
70/312 c3-v-002 trial=1 mode=0 nodes=2696 wall_ms=2.74 calls=185 promotions=12
71/312 c3-v-008 trial=1 mode=4 nodes=23052 wall_ms=20.55 calls=3179 promotions=163
72/312 c3-v-002 trial=0 mode=off nodes=1979 wall_ms=1.78 calls=0 promotions=0
73/312 c3-d-004 trial=2 mode=6 nodes=5993 wall_ms=6.65 calls=307 promotions=22
74/312 c3-t-004 trial=2 mode=6 nodes=29345 wall_ms=29.42 calls=1658 promotions=63
75/312 c3-v-006 trial=2 mode=4 nodes=15687 wall_ms=15.09 calls=1581 promotions=35
76/312 c3-v-002 trial=0 mode=4 nodes=9294 wall_ms=8.96 calls=746 promotions=77
77/312 c3-v-007 trial=0 mode=6 nodes=10198 wall_ms=5.33 calls=144 promotions=3
78/312 c3-v-008 trial=1 mode=0 nodes=48190 wall_ms=57.06 calls=16686 promotions=1416
79/312 c3-v-006 trial=0 mode=off nodes=21643 wall_ms=16.15 calls=0 promotions=0
80/312 c3-d-005 trial=1 mode=0 nodes=6300 wall_ms=8.02 calls=895 promotions=101
81/312 c3-t-008 trial=2 mode=4 nodes=7540 wall_ms=4.50 calls=546 promotions=10
82/312 c3-v-007 trial=1 mode=0 nodes=6813 wall_ms=4.94 calls=1692 promotions=34
83/312 c3-t-001 trial=0 mode=0 nodes=15810 wall_ms=17.60 calls=2475 promotions=173
84/312 c3-d-007 trial=1 mode=4 nodes=78478 wall_ms=85.73 calls=8904 promotions=991
85/312 c3-d-001 trial=0 mode=0 nodes=24832 wall_ms=31.23 calls=6427 promotions=549
86/312 c3-v-007 trial=1 mode=4 nodes=7590 wall_ms=4.45 calls=434 promotions=15
87/312 c3-v-005 trial=1 mode=4 nodes=16755 wall_ms=17.96 calls=1829 promotions=114
88/312 c3-t-007 trial=0 mode=4 nodes=1555 wall_ms=2.05 calls=339 promotions=4
89/312 c3-t-005 trial=1 mode=off nodes=15718 wall_ms=12.75 calls=0 promotions=0
90/312 c3-v-007 trial=0 mode=off nodes=8497 wall_ms=4.36 calls=0 promotions=0
91/312 c3-v-005 trial=2 mode=0 nodes=11917 wall_ms=13.96 calls=2446 promotions=219
92/312 c3-d-007 trial=2 mode=off nodes=42806 wall_ms=37.06 calls=0 promotions=0
93/312 c3-d-002 trial=1 mode=0 nodes=23550 wall_ms=30.44 calls=4461 promotions=350
94/312 c3-d-001 trial=0 mode=6 nodes=10521 wall_ms=9.84 calls=530 promotions=23
95/312 c3-t-005 trial=2 mode=off nodes=15718 wall_ms=12.66 calls=0 promotions=0
96/312 c3-t-008 trial=0 mode=off nodes=7464 wall_ms=3.50 calls=0 promotions=0
97/312 c3-d-004 trial=1 mode=0 nodes=5948 wall_ms=7.59 calls=854 promotions=55
98/312 c3-t-003 trial=1 mode=4 nodes=21155 wall_ms=19.74 calls=2424 promotions=334
99/312 c3-d-006 trial=1 mode=6 nodes=5256 wall_ms=4.82 calls=197 promotions=14
100/312 c3-d-007 trial=1 mode=6 nodes=88267 wall_ms=90.75 calls=6327 promotions=528
101/312 c3-d-002 trial=0 mode=6 nodes=8021 wall_ms=8.08 calls=396 promotions=16
102/312 c3-v-008 trial=1 mode=6 nodes=36183 wall_ms=30.12 calls=2307 promotions=120
103/312 c3-d-001 trial=2 mode=0 nodes=24832 wall_ms=31.43 calls=6427 promotions=549
104/312 c3-v-007 trial=1 mode=6 nodes=10198 wall_ms=5.27 calls=144 promotions=3
105/312 c3-d-002 trial=1 mode=off nodes=9474 wall_ms=8.78 calls=0 promotions=0
106/312 c3-t-007 trial=0 mode=6 nodes=2273 wall_ms=2.48 calls=285 promotions=8
107/312 c3-d-010 trial=2 mode=off nodes=3496 wall_ms=2.08 calls=0 promotions=0
108/312 c3-t-008 trial=1 mode=4 nodes=7540 wall_ms=3.85 calls=546 promotions=10
109/312 c3-d-005 trial=2 mode=0 nodes=6300 wall_ms=7.43 calls=895 promotions=101
110/312 c3-t-003 trial=0 mode=4 nodes=21155 wall_ms=20.60 calls=2424 promotions=334
111/312 c3-d-008 trial=0 mode=6 nodes=17127 wall_ms=16.47 calls=1207 promotions=58
112/312 c3-d-009 trial=1 mode=4 nodes=1794 wall_ms=2.49 calls=364 promotions=4
113/312 c3-v-004 trial=1 mode=off nodes=26380 wall_ms=22.85 calls=0 promotions=0
114/312 c3-v-003 trial=2 mode=off nodes=3450 wall_ms=3.95 calls=0 promotions=0
115/312 c3-d-006 trial=0 mode=off nodes=5382 wall_ms=4.21 calls=0 promotions=0
116/312 c3-t-006 trial=1 mode=6 nodes=12399 wall_ms=8.53 calls=868 promotions=69
117/312 c3-d-004 trial=0 mode=off nodes=8269 wall_ms=8.06 calls=0 promotions=0
118/312 c3-d-009 trial=0 mode=off nodes=1792 wall_ms=1.19 calls=0 promotions=0
119/312 c3-t-008 trial=2 mode=6 nodes=8696 wall_ms=4.32 calls=340 promotions=13
120/312 c3-v-006 trial=2 mode=0 nodes=14827 wall_ms=19.09 calls=3837 promotions=151
121/312 c3-v-003 trial=1 mode=0 nodes=2134 wall_ms=3.29 calls=398 promotions=22
122/312 c3-v-003 trial=2 mode=4 nodes=4390 wall_ms=5.41 calls=457 promotions=21
123/312 c3-d-008 trial=2 mode=0 nodes=29258 wall_ms=40.75 calls=8377 promotions=786
124/312 c3-d-010 trial=1 mode=0 nodes=6680 wall_ms=4.74 calls=1426 promotions=33
125/312 c3-d-001 trial=2 mode=6 nodes=10521 wall_ms=9.59 calls=530 promotions=23
126/312 c3-t-001 trial=2 mode=off nodes=14261 wall_ms=11.65 calls=0 promotions=0
127/312 c3-d-009 trial=0 mode=6 nodes=1788 wall_ms=2.10 calls=308 promotions=4
128/312 c3-d-002 trial=1 mode=4 nodes=14654 wall_ms=15.49 calls=1297 promotions=88
129/312 c3-v-004 trial=2 mode=off nodes=26380 wall_ms=22.88 calls=0 promotions=0
130/312 c3-d-007 trial=0 mode=6 nodes=88267 wall_ms=91.79 calls=6327 promotions=528
131/312 c3-d-003 trial=2 mode=4 nodes=158332 wall_ms=104.94 calls=19768 promotions=908
132/312 c3-d-008 trial=2 mode=6 nodes=17127 wall_ms=16.27 calls=1207 promotions=58
133/312 c3-t-001 trial=0 mode=6 nodes=5020 wall_ms=4.32 calls=146 promotions=12
134/312 c3-t-008 trial=1 mode=6 nodes=8696 wall_ms=4.40 calls=340 promotions=13
135/312 c3-t-008 trial=2 mode=off nodes=7464 wall_ms=3.59 calls=0 promotions=0
136/312 c3-v-007 trial=2 mode=6 nodes=10198 wall_ms=5.23 calls=144 promotions=3
137/312 c3-t-001 trial=0 mode=4 nodes=19490 wall_ms=19.02 calls=1771 promotions=132
138/312 c3-d-009 trial=2 mode=0 nodes=1794 wall_ms=2.04 calls=383 promotions=4
139/312 c3-v-001 trial=2 mode=4 nodes=2185 wall_ms=2.48 calls=129 promotions=10
140/312 c3-v-008 trial=0 mode=off nodes=48277 wall_ms=34.48 calls=0 promotions=0
141/312 c3-d-008 trial=2 mode=4 nodes=43294 wall_ms=48.76 calls=5576 promotions=359
142/312 c3-t-005 trial=1 mode=6 nodes=29616 wall_ms=26.83 calls=1764 promotions=107
143/312 c3-d-001 trial=2 mode=4 nodes=8469 wall_ms=8.16 calls=945 promotions=32
144/312 c3-t-005 trial=2 mode=6 nodes=29616 wall_ms=26.92 calls=1764 promotions=107
145/312 c3-d-010 trial=0 mode=off nodes=3496 wall_ms=1.93 calls=0 promotions=0
146/312 c3-t-003 trial=2 mode=0 nodes=19948 wall_ms=21.85 calls=3820 promotions=441
147/312 c3-d-009 trial=1 mode=off nodes=1792 wall_ms=1.26 calls=0 promotions=0
148/312 c3-v-004 trial=0 mode=6 nodes=24188 wall_ms=24.79 calls=1566 promotions=87
149/312 c3-v-007 trial=2 mode=4 nodes=7590 wall_ms=4.47 calls=434 promotions=15
150/312 c3-v-001 trial=1 mode=4 nodes=2185 wall_ms=2.44 calls=129 promotions=10
151/312 c3-d-005 trial=2 mode=6 nodes=33191 wall_ms=33.58 calls=2186 promotions=214
152/312 c3-t-004 trial=1 mode=off nodes=45038 wall_ms=36.15 calls=0 promotions=0
153/312 c3-v-005 trial=2 mode=off nodes=22262 wall_ms=18.24 calls=0 promotions=0
154/312 c3-t-006 trial=1 mode=off nodes=7218 wall_ms=5.06 calls=0 promotions=0
155/312 c3-d-004 trial=0 mode=0 nodes=5948 wall_ms=7.67 calls=854 promotions=55
156/312 c3-t-004 trial=2 mode=4 nodes=23706 wall_ms=24.73 calls=2491 promotions=143
157/312 c3-d-004 trial=1 mode=4 nodes=6015 wall_ms=7.15 calls=512 promotions=24
158/312 c3-d-002 trial=2 mode=6 nodes=8021 wall_ms=7.98 calls=396 promotions=16
159/312 c3-d-006 trial=2 mode=0 nodes=5442 wall_ms=6.43 calls=920 promotions=57
160/312 c3-v-006 trial=2 mode=6 nodes=26120 wall_ms=23.71 calls=1164 promotions=28
161/312 c3-v-007 trial=0 mode=0 nodes=6813 wall_ms=4.98 calls=1692 promotions=34
162/312 c3-d-003 trial=0 mode=6 nodes=236245 wall_ms=140.44 calls=17812 promotions=685
163/312 c3-d-002 trial=0 mode=off nodes=9474 wall_ms=8.25 calls=0 promotions=0
164/312 c3-d-005 trial=0 mode=off nodes=5069 wall_ms=4.54 calls=0 promotions=0
165/312 c3-v-003 trial=1 mode=6 nodes=3476 wall_ms=4.11 calls=135 promotions=2
166/312 c3-d-010 trial=2 mode=6 nodes=3498 wall_ms=2.02 calls=65 promotions=1
167/312 c3-d-005 trial=0 mode=4 nodes=5742 wall_ms=5.79 calls=338 promotions=32
168/312 c3-d-003 trial=1 mode=0 nodes=121570 wall_ms=89.63 calls=27704 promotions=1424
169/312 c3-t-006 trial=1 mode=0 nodes=10943 wall_ms=9.28 calls=2173 promotions=125
170/312 c3-t-008 trial=0 mode=0 nodes=7898 wall_ms=4.71 calls=1278 promotions=67
171/312 c3-v-005 trial=2 mode=4 nodes=16755 wall_ms=18.30 calls=1829 promotions=114
172/312 c3-d-008 trial=0 mode=off nodes=15642 wall_ms=12.45 calls=0 promotions=0
173/312 c3-v-002 trial=2 mode=6 nodes=1979 wall_ms=1.81 calls=19 promotions=0
174/312 c3-t-005 trial=0 mode=4 nodes=8980 wall_ms=9.45 calls=963 promotions=35
175/312 c3-v-008 trial=0 mode=6 nodes=36183 wall_ms=31.82 calls=2307 promotions=120
176/312 c3-t-002 trial=2 mode=4 nodes=36458 wall_ms=40.14 calls=4249 promotions=294
177/312 c3-v-001 trial=2 mode=off nodes=1948 wall_ms=2.33 calls=0 promotions=0
178/312 c3-v-001 trial=0 mode=4 nodes=2185 wall_ms=2.50 calls=129 promotions=10
179/312 c3-v-008 trial=2 mode=0 nodes=48190 wall_ms=56.50 calls=16686 promotions=1416
180/312 c3-v-001 trial=2 mode=6 nodes=1949 wall_ms=2.08 calls=34 promotions=1
181/312 c3-t-005 trial=0 mode=6 nodes=29616 wall_ms=26.50 calls=1764 promotions=107
182/312 c3-d-009 trial=2 mode=off nodes=1792 wall_ms=1.17 calls=0 promotions=0
183/312 c3-t-004 trial=0 mode=6 nodes=29345 wall_ms=28.41 calls=1658 promotions=63
184/312 c3-d-002 trial=2 mode=0 nodes=23550 wall_ms=29.75 calls=4461 promotions=350
185/312 c3-v-002 trial=0 mode=0 nodes=2696 wall_ms=2.81 calls=185 promotions=12
186/312 c3-t-001 trial=1 mode=off nodes=14261 wall_ms=11.46 calls=0 promotions=0
187/312 c3-t-007 trial=2 mode=off nodes=2057 wall_ms=1.58 calls=0 promotions=0
188/312 c3-v-001 trial=1 mode=off nodes=1948 wall_ms=1.90 calls=0 promotions=0
189/312 c3-t-005 trial=0 mode=off nodes=15718 wall_ms=12.76 calls=0 promotions=0
190/312 c3-t-007 trial=1 mode=4 nodes=1555 wall_ms=1.96 calls=339 promotions=4
191/312 c3-v-003 trial=0 mode=6 nodes=3476 wall_ms=4.07 calls=135 promotions=2
192/312 c3-t-001 trial=2 mode=6 nodes=5020 wall_ms=4.19 calls=146 promotions=12
193/312 c3-v-008 trial=0 mode=0 nodes=48190 wall_ms=56.60 calls=16686 promotions=1416
194/312 c3-t-004 trial=2 mode=off nodes=45038 wall_ms=36.06 calls=0 promotions=0
195/312 c3-t-002 trial=0 mode=6 nodes=27536 wall_ms=27.62 calls=1898 promotions=120
196/312 c3-v-003 trial=1 mode=4 nodes=4390 wall_ms=5.75 calls=457 promotions=21
197/312 c3-t-006 trial=2 mode=6 nodes=12399 wall_ms=8.54 calls=868 promotions=69
198/312 c3-v-001 trial=1 mode=0 nodes=2158 wall_ms=2.63 calls=202 promotions=34
199/312 c3-t-007 trial=0 mode=off nodes=2057 wall_ms=1.63 calls=0 promotions=0
200/312 c3-t-005 trial=1 mode=4 nodes=8980 wall_ms=9.30 calls=963 promotions=35
201/312 c3-v-003 trial=0 mode=off nodes=3450 wall_ms=3.74 calls=0 promotions=0
202/312 c3-d-007 trial=2 mode=6 nodes=88267 wall_ms=89.86 calls=6327 promotions=528
203/312 c3-d-007 trial=2 mode=4 nodes=78478 wall_ms=86.12 calls=8904 promotions=991
204/312 c3-t-005 trial=2 mode=4 nodes=8980 wall_ms=9.06 calls=963 promotions=35
205/312 c3-t-003 trial=0 mode=6 nodes=22404 wall_ms=19.69 calls=1673 promotions=178
206/312 c3-d-008 trial=1 mode=6 nodes=17127 wall_ms=16.28 calls=1207 promotions=58
207/312 c3-d-010 trial=2 mode=4 nodes=7250 wall_ms=4.03 calls=577 promotions=7
208/312 c3-d-004 trial=1 mode=6 nodes=5993 wall_ms=6.60 calls=307 promotions=22
209/312 c3-t-006 trial=0 mode=6 nodes=12399 wall_ms=8.56 calls=868 promotions=69
210/312 c3-d-001 trial=0 mode=4 nodes=8469 wall_ms=8.10 calls=945 promotions=32
211/312 c3-d-005 trial=0 mode=0 nodes=6300 wall_ms=7.40 calls=895 promotions=101
212/312 c3-t-008 trial=2 mode=0 nodes=7898 wall_ms=4.78 calls=1278 promotions=67
213/312 c3-d-006 trial=1 mode=4 nodes=5369 wall_ms=5.47 calls=407 promotions=23
214/312 c3-v-006 trial=1 mode=6 nodes=26120 wall_ms=23.05 calls=1164 promotions=28
215/312 c3-v-004 trial=1 mode=6 nodes=24188 wall_ms=23.77 calls=1566 promotions=87
216/312 c3-d-007 trial=1 mode=off nodes=42806 wall_ms=37.75 calls=0 promotions=0
217/312 c3-d-008 trial=1 mode=off nodes=15642 wall_ms=12.90 calls=0 promotions=0
218/312 c3-d-004 trial=2 mode=4 nodes=6015 wall_ms=7.07 calls=512 promotions=24
219/312 c3-t-006 trial=0 mode=4 nodes=7209 wall_ms=6.18 calls=827 promotions=62
220/312 c3-t-001 trial=1 mode=4 nodes=19490 wall_ms=19.45 calls=1771 promotions=132
221/312 c3-v-001 trial=2 mode=0 nodes=2158 wall_ms=2.69 calls=202 promotions=34
222/312 c3-t-003 trial=1 mode=0 nodes=19948 wall_ms=22.05 calls=3820 promotions=441
223/312 c3-d-005 trial=2 mode=4 nodes=5742 wall_ms=5.94 calls=338 promotions=32
224/312 c3-d-001 trial=1 mode=6 nodes=10521 wall_ms=9.66 calls=530 promotions=23
225/312 c3-d-001 trial=0 mode=off nodes=19250 wall_ms=15.30 calls=0 promotions=0
226/312 c3-v-004 trial=0 mode=0 nodes=21593 wall_ms=29.52 calls=5384 promotions=355
227/312 c3-t-004 trial=2 mode=0 nodes=41133 wall_ms=55.53 calls=9805 promotions=625
228/312 c3-v-004 trial=0 mode=off nodes=26380 wall_ms=22.76 calls=0 promotions=0
229/312 c3-d-003 trial=0 mode=0 nodes=121570 wall_ms=90.46 calls=27704 promotions=1424
230/312 c3-v-005 trial=1 mode=0 nodes=11917 wall_ms=14.12 calls=2446 promotions=219
231/312 c3-t-007 trial=1 mode=off nodes=2057 wall_ms=2.51 calls=0 promotions=0
232/312 c3-t-008 trial=0 mode=6 nodes=8696 wall_ms=4.34 calls=340 promotions=13
233/312 c3-v-008 trial=2 mode=off nodes=48277 wall_ms=34.64 calls=0 promotions=0
234/312 c3-d-004 trial=2 mode=0 nodes=5948 wall_ms=7.80 calls=854 promotions=55
235/312 c3-d-004 trial=1 mode=off nodes=8269 wall_ms=8.11 calls=0 promotions=0
236/312 c3-d-009 trial=2 mode=4 nodes=1794 wall_ms=1.99 calls=364 promotions=4
237/312 c3-d-010 trial=2 mode=0 nodes=6680 wall_ms=4.85 calls=1426 promotions=33
238/312 c3-d-003 trial=0 mode=4 nodes=158332 wall_ms=104.14 calls=19768 promotions=908
239/312 c3-d-003 trial=1 mode=6 nodes=236245 wall_ms=138.54 calls=17812 promotions=685
240/312 c3-t-002 trial=1 mode=0 nodes=26670 wall_ms=36.55 calls=6861 promotions=516
241/312 c3-t-001 trial=2 mode=4 nodes=19490 wall_ms=19.60 calls=1771 promotions=132
242/312 c3-t-008 trial=1 mode=off nodes=7464 wall_ms=3.46 calls=0 promotions=0
243/312 c3-t-005 trial=2 mode=0 nodes=5933 wall_ms=7.39 calls=1299 promotions=147
244/312 c3-t-007 trial=2 mode=6 nodes=2273 wall_ms=2.56 calls=285 promotions=8
245/312 c3-v-004 trial=2 mode=4 nodes=37572 wall_ms=40.73 calls=4204 promotions=257
246/312 c3-v-006 trial=0 mode=4 nodes=15687 wall_ms=15.09 calls=1581 promotions=35
247/312 c3-t-002 trial=2 mode=6 nodes=27536 wall_ms=28.70 calls=1898 promotions=120
248/312 c3-d-006 trial=2 mode=6 nodes=5256 wall_ms=4.59 calls=197 promotions=14
249/312 c3-t-002 trial=0 mode=off nodes=45997 wall_ms=38.33 calls=0 promotions=0
250/312 c3-v-005 trial=1 mode=off nodes=22262 wall_ms=18.10 calls=0 promotions=0
251/312 c3-v-008 trial=2 mode=4 nodes=23052 wall_ms=20.41 calls=3179 promotions=163
252/312 c3-d-003 trial=2 mode=0 nodes=121570 wall_ms=89.89 calls=27704 promotions=1424
253/312 c3-t-008 trial=1 mode=0 nodes=7898 wall_ms=4.58 calls=1278 promotions=67
254/312 c3-d-006 trial=2 mode=off nodes=5382 wall_ms=4.13 calls=0 promotions=0
255/312 c3-v-004 trial=1 mode=4 nodes=37572 wall_ms=40.45 calls=4204 promotions=257
256/312 c3-v-005 trial=0 mode=0 nodes=11917 wall_ms=14.16 calls=2446 promotions=219
257/312 c3-d-002 trial=2 mode=off nodes=9474 wall_ms=8.50 calls=0 promotions=0
258/312 c3-d-004 trial=0 mode=6 nodes=5993 wall_ms=6.75 calls=307 promotions=22
259/312 c3-d-008 trial=0 mode=0 nodes=29258 wall_ms=41.10 calls=8377 promotions=786
260/312 c3-t-003 trial=2 mode=off nodes=27640 wall_ms=19.78 calls=0 promotions=0
261/312 c3-v-006 trial=2 mode=off nodes=21643 wall_ms=16.38 calls=0 promotions=0
262/312 c3-d-004 trial=0 mode=4 nodes=6015 wall_ms=7.04 calls=512 promotions=24
263/312 c3-v-007 trial=2 mode=off nodes=8497 wall_ms=4.18 calls=0 promotions=0
264/312 c3-v-008 trial=0 mode=4 nodes=23052 wall_ms=20.50 calls=3179 promotions=163
265/312 c3-d-003 trial=0 mode=off nodes=8738 wall_ms=5.23 calls=0 promotions=0
266/312 c3-t-004 trial=0 mode=0 nodes=41133 wall_ms=53.39 calls=9805 promotions=625
267/312 c3-d-005 trial=0 mode=6 nodes=33191 wall_ms=33.91 calls=2186 promotions=214
268/312 c3-v-007 trial=2 mode=0 nodes=6813 wall_ms=5.06 calls=1692 promotions=34
269/312 c3-t-004 trial=0 mode=off nodes=45038 wall_ms=35.90 calls=0 promotions=0
270/312 c3-d-005 trial=1 mode=6 nodes=33191 wall_ms=33.75 calls=2186 promotions=214
271/312 c3-v-004 trial=2 mode=0 nodes=21593 wall_ms=29.77 calls=5384 promotions=355
272/312 c3-d-010 trial=1 mode=off nodes=3496 wall_ms=1.99 calls=0 promotions=0
273/312 c3-d-008 trial=0 mode=4 nodes=43294 wall_ms=49.27 calls=5576 promotions=359
274/312 c3-d-008 trial=1 mode=0 nodes=29258 wall_ms=41.83 calls=8377 promotions=786
275/312 c3-d-002 trial=2 mode=4 nodes=14654 wall_ms=15.37 calls=1297 promotions=88
276/312 c3-d-008 trial=1 mode=4 nodes=43294 wall_ms=48.60 calls=5576 promotions=359
277/312 c3-t-005 trial=1 mode=0 nodes=5933 wall_ms=7.43 calls=1299 promotions=147
278/312 c3-v-005 trial=0 mode=4 nodes=16755 wall_ms=17.89 calls=1829 promotions=114
279/312 c3-t-003 trial=0 mode=0 nodes=19948 wall_ms=22.03 calls=3820 promotions=441
280/312 c3-d-006 trial=1 mode=0 nodes=5442 wall_ms=6.19 calls=920 promotions=57
281/312 c3-v-007 trial=0 mode=4 nodes=7590 wall_ms=4.20 calls=434 promotions=15
282/312 c3-t-008 trial=0 mode=4 nodes=7540 wall_ms=4.00 calls=546 promotions=10
283/312 c3-t-007 trial=2 mode=0 nodes=1896 wall_ms=3.05 calls=499 promotions=15
284/312 c3-d-009 trial=0 mode=0 nodes=1794 wall_ms=2.13 calls=383 promotions=4
285/312 c3-v-003 trial=2 mode=6 nodes=3476 wall_ms=4.15 calls=135 promotions=2
286/312 c3-v-002 trial=2 mode=0 nodes=2696 wall_ms=2.92 calls=185 promotions=12
287/312 c3-v-008 trial=2 mode=6 nodes=36183 wall_ms=29.90 calls=2307 promotions=120
288/312 c3-d-003 trial=1 mode=4 nodes=158332 wall_ms=105.26 calls=19768 promotions=908
289/312 c3-t-002 trial=2 mode=off nodes=45997 wall_ms=38.77 calls=0 promotions=0
290/312 c3-d-010 trial=1 mode=4 nodes=7250 wall_ms=3.89 calls=577 promotions=7
291/312 c3-v-002 trial=2 mode=4 nodes=9294 wall_ms=9.28 calls=746 promotions=77
292/312 c3-d-005 trial=1 mode=off nodes=5069 wall_ms=4.51 calls=0 promotions=0
293/312 c3-v-002 trial=1 mode=off nodes=1979 wall_ms=1.67 calls=0 promotions=0
294/312 c3-t-006 trial=0 mode=0 nodes=10943 wall_ms=9.27 calls=2173 promotions=125
295/312 c3-v-008 trial=1 mode=off nodes=48277 wall_ms=34.09 calls=0 promotions=0
296/312 c3-d-006 trial=0 mode=6 nodes=5256 wall_ms=4.55 calls=197 promotions=14
297/312 c3-t-007 trial=0 mode=0 nodes=1896 wall_ms=2.78 calls=499 promotions=15
298/312 c3-d-002 trial=1 mode=6 nodes=8021 wall_ms=8.39 calls=396 promotions=16
299/312 c3-v-003 trial=0 mode=4 nodes=4390 wall_ms=5.39 calls=457 promotions=21
300/312 c3-v-006 trial=0 mode=6 nodes=26120 wall_ms=23.01 calls=1164 promotions=28
301/312 c3-t-004 trial=1 mode=0 nodes=41133 wall_ms=53.52 calls=9805 promotions=625
302/312 c3-t-006 trial=2 mode=0 nodes=10943 wall_ms=9.29 calls=2173 promotions=125
303/312 c3-t-001 trial=2 mode=0 nodes=15810 wall_ms=17.64 calls=2475 promotions=173
304/312 c3-v-005 trial=0 mode=off nodes=22262 wall_ms=18.01 calls=0 promotions=0
305/312 c3-t-002 trial=1 mode=6 nodes=27536 wall_ms=27.49 calls=1898 promotions=120
306/312 c3-t-003 trial=0 mode=off nodes=27640 wall_ms=19.57 calls=0 promotions=0
307/312 c3-v-006 trial=1 mode=4 nodes=15687 wall_ms=14.90 calls=1581 promotions=35
308/312 c3-t-002 trial=1 mode=off nodes=45997 wall_ms=38.67 calls=0 promotions=0
309/312 c3-d-004 trial=2 mode=off nodes=8269 wall_ms=8.04 calls=0 promotions=0
310/312 c3-d-007 trial=0 mode=0 nodes=45754 wall_ms=64.48 calls=12706 promotions=1410
311/312 c3-t-002 trial=0 mode=4 nodes=36458 wall_ms=40.42 calls=4249 promotions=294
312/312 c3-v-004 trial=1 mode=0 nodes=21593 wall_ms=29.10 calls=5384 promotions=355
SUMMARY mode=off node_ratio=1.0000 wall_ratio=1.0000 paired_median=1.0000 calls=0 promotions=0 root_changes=0
SUMMARY mode=0 node_ratio=1.2190 wall_ratio=1.7410 paired_median=1.5180 calls=369579 promotions=27363 root_changes=69
SUMMARY mode=4 node_ratio=1.3628 wall_ratio=1.5942 paired_median=1.2544 calls=194571 promotions=12522 root_changes=72
SUMMARY mode=6 node_ratio=1.5813 wall_ratio=1.6308 paired_median=1.0841 calls=132336 promotions=7302 root_changes=54
